
Map of Debug\stvd_project.sm8 from link file Debug\stvd_project.lkf - Sun Mar 01 02:10:17 2015


                               --------
                               Segments
                               --------

start 00008080 end 0000826b length   491 segment .const
start 00008274 end 0000a8eb length  9847 segment .text
start 0000a8ec end 0000a8ec length     0 segment .TSL_IO_ALCODE
start 00004000 end 00004000 length     0 segment .eeprom
start 00000000 end 00000001 length     1 segment .bsct, initialized
start 00008273 end 00008274 length     1 segment .bsct, from
start 00000001 end 00000061 length    96 segment .ubsct
start 00000061 end 00000061 length     0 segment .bit
start 00000061 end 00000061 length     0 segment .share
start 00000100 end 00000100 length     0 segment .data
start 00000100 end 00000100 length     0 segment .bss
start 00000000 end 0000081d length  2077 segment .info.
start 00000000 end 00008e92 length 36498 segment .debug
start 00008000 end 00008080 length   128 segment .const
start 0000826b end 00008273 length     8 segment .init


                               -------
                               Modules
                               -------

C:\Program Files (x86)\COSMIC\CXSTM8_32K\Lib\crtsi0.sm8:
start 00008274 end 000082c4 length    80 section .text
start 00000100 end 00000100 length     0 section .bss
start 00000001 end 00000001 length     0 section .ubsct
start 00000000 end 0000002f length    47 section .info.

Debug\stm8s_clk.o:
start 000082c4 end 00008860 length  1436 section .text
start 00000000 end 0000166f length  5743 section .debug
start 0000002f end 000000b7 length   136 section .info.
start 00008080 end 000080c9 length    73 section .const

Debug\stm8s_gpio.o:
start 00008860 end 0000896a length   266 section .text
start 0000166f end 00002079 length  2570 section .debug
start 000000b7 end 00000140 length   137 section .info.
start 000080c9 end 00008107 length    62 section .const

Debug\stm8s_tim2.o:
start 0000896a end 000092c5 length  2395 section .text
start 00002079 end 0000438d length  8980 section .debug
start 00000140 end 000001c9 length   137 section .info.
start 00008107 end 00008145 length    62 section .const

Debug\stm8s_tim3.o:
start 000092c5 end 00009a4c length  1927 section .text
start 0000438d end 000061a7 length  7706 section .debug
start 000001c9 end 00000252 length   137 section .info.
start 00008145 end 00008183 length    62 section .const

Debug\stm8s_uart2.o:
start 00009a4c end 0000a0c2 length  1654 section .text
start 000061a7 end 0000778d length  5606 section .debug
start 00000252 end 000002dc length   138 section .info.
start 00008183 end 000081ca length    71 section .const

Debug\main.o:
start 0000a0c2 end 0000a0f6 length    52 section .text
start 0000778d end 0000789c length   271 section .debug
start 000002dc end 0000035f length   131 section .info.

Debug\modbus.o:
start 0000a0f6 end 0000a544 length  1102 section .text
start 0000789c end 000084f0 length  3156 section .debug
start 0000035f end 000003e4 length   133 section .info.
start 000081ca end 000081f2 length    40 section .const

Debug\stm8s_it.o:
start 0000a544 end 0000a6e2 length   414 section .text
start 00000000 end 00000001 length     1 section .bsct
start 00000001 end 00000057 length    86 section .ubsct
start 000084f0 end 00008d6c length  2172 section .debug
start 000003e4 end 0000046b length   135 section .info.
start 000081f2 end 0000826b length   121 section .const

(C:\Program Files (x86)\COSMIC\CXSTM8_32K\Lib\libm0.sm8)lcmp.o:
start 0000a6e2 end 0000a702 length    32 section .text
start 0000046b end 00000499 length    46 section .info.

(C:\Program Files (x86)\COSMIC\CXSTM8_32K\Lib\libm0.sm8)lgsbc.o:
start 0000a702 end 0000a718 length    22 section .text
start 00000499 end 000004c8 length    47 section .info.

(C:\Program Files (x86)\COSMIC\CXSTM8_32K\Lib\libm0.sm8)llsh.o:
start 0000a718 end 0000a727 length    15 section .text
start 000004c8 end 000004f6 length    46 section .info.

(C:\Program Files (x86)\COSMIC\CXSTM8_32K\Lib\libm0.sm8)lreg.o:
start 00000057 end 0000005b length     4 section .ubsct
start 000004f6 end 00000524 length    46 section .info.

(C:\Program Files (x86)\COSMIC\CXSTM8_32K\Lib\libm0.sm8)lsub.o:
start 0000a727 end 0000a73f length    24 section .text
start 00000524 end 00000552 length    46 section .info.

(C:\Program Files (x86)\COSMIC\CXSTM8_32K\Lib\libm0.sm8)ltor.o:
start 0000a73f end 0000a751 length    18 section .text
start 00000552 end 00000580 length    46 section .info.

(C:\Program Files (x86)\COSMIC\CXSTM8_32K\Lib\libm0.sm8)ludiv.o:
start 0000a751 end 0000a765 length    20 section .text
start 00000580 end 000005af length    47 section .info.

(C:\Program Files (x86)\COSMIC\CXSTM8_32K\Lib\libm0.sm8)ldiv.o:
start 0000a765 end 0000a850 length   235 section .text
start 000005af end 000005dd length    46 section .info.

(C:\Program Files (x86)\COSMIC\CXSTM8_32K\Lib\libm0.sm8)lgneg.o:
start 0000a850 end 0000a863 length    19 section .text
start 000005dd end 0000060c length    47 section .info.

(C:\Program Files (x86)\COSMIC\CXSTM8_32K\Lib\libm0.sm8)lneg.o:
start 0000a863 end 0000a878 length    21 section .text
start 0000060c end 0000063a length    46 section .info.

(C:\Program Files (x86)\COSMIC\CXSTM8_32K\Lib\libm0.sm8)lursh.o:
start 0000a878 end 0000a887 length    15 section .text
start 0000063a end 00000669 length    47 section .info.

(C:\Program Files (x86)\COSMIC\CXSTM8_32K\Lib\libm0.sm8)lzmp.o:
start 0000a887 end 0000a89a length    19 section .text
start 00000669 end 00000697 length    46 section .info.

(C:\Program Files (x86)\COSMIC\CXSTM8_32K\Lib\libm0.sm8)rtol.o:
start 0000a89a end 0000a8ac length    18 section .text
start 00000697 end 000006c5 length    46 section .info.

(C:\Program Files (x86)\COSMIC\CXSTM8_32K\Lib\libm0.sm8)smul.o:
start 0000a8ac end 0000a8eb length    63 section .text
start 000006c5 end 000006f3 length    46 section .info.

(C:\Program Files (x86)\COSMIC\CXSTM8_32K\Lib\libm0.sm8)xreg.o:
start 0000005b end 0000005e length     3 section .ubsct
start 000006f3 end 00000721 length    46 section .info.

(C:\Program Files (x86)\COSMIC\CXSTM8_32K\Lib\libm0.sm8)yreg.o:
start 0000005e end 00000061 length     3 section .ubsct
start 00000721 end 0000074f length    46 section .info.

Debug\stm8_interrupt_vector.o:
start 00008d6c end 00008e92 length   294 section .debug
start 0000074f end 000007e3 length   148 section .info.
start 00008000 end 00008080 length   128 section .const


                             -----------
                             Stack usage
                             -----------

Debug\main.o:
_assert_failed                          6   (6)
_main                              >   54   (2)

Debug\modbus.o:
_ByteToHex                              8   (8)
_CheckLRC                              30   (11)
_Delay                                  8   (6)
_Delay_Init                            12   (2)
_ForceSingleCoil                        2   (2)
_GetLRC                                19   (8)
_HexToByte                             11   (11)
_HextoByte_4                       >   25   (14)
_Modbus_Init                           52   (2)
_PresetSingleRegister                   2   (2)
_ReadCoilStatus                        47   (28)
_ReadHoldingRegisters                   2   (2)
_ReadInputRegisters                     2   (2)
_ReadInputStatus                       11   (2)
_RewritingChars                         6   (6)
_SetDevAddr                             5   (3)
_StateOfCoil                            9   (9)
_UART_SendStr                           9   (4)
___checkAddr                            2   (2)
___checkFunc                            2   (2)

Debug\stm8s_clk.o:
_CLK_AdjustHSICalibrationValue     >    9   (3)
_CLK_CCOCmd                        >    9   (3)
_CLK_CCOConfig                     >    9   (3)
_CLK_ClearITPendingBit             >    9   (3)
_CLK_ClockSecuritySystemEnable     >    2   (2)
_CLK_ClockSwitchCmd                >    9   (3)
_CLK_ClockSwitchConfig             >   16   (10)
_CLK_DeInit                        >    2   (2)
_CLK_FastHaltWakeUpCmd             >    9   (3)
_CLK_GetClockFreq                      25   (11)
_CLK_GetFlagStatus                 >   13   (7)
_CLK_GetITStatus                   >   10   (4)
_CLK_GetSYSCLKSource               >    2   (2)
_CLK_HSECmd                        >    9   (3)
_CLK_HSICmd                        >    9   (3)
_CLK_HSIPrescalerConfig                 9   (3)
_CLK_ITConfig                      >   10   (4)
_CLK_LSICmd                        >    9   (3)
_CLK_PeripheralClockConfig         >   10   (4)
_CLK_SWIMConfig                    >    9   (3)
_CLK_SYSCLKConfig                  >    9   (3)
_CLK_SYSCLKEmergencyClear          >    2   (2)
_CLK_SlowActiveHaltWakeUpCmd       >    9   (3)

Debug\stm8s_gpio.o:
_GPIO_DeInit                            2   (2)
_GPIO_ExternalPullUpConfig         >   12   (6)
_GPIO_Init                             12   (6)
_GPIO_ReadInputData                >    2   (2)
_GPIO_ReadInputPin                 >    5   (5)
_GPIO_ReadOutputData               >    2   (2)
_GPIO_Write                        >    5   (5)
_GPIO_WriteHigh                         5   (5)
_GPIO_WriteLow                          5   (5)
_GPIO_WriteReverse                      5   (5)

Debug\stm8s_it.o:
f_ADC1_IRQHandler                  >    6   (6)
f_AWU_IRQHandler                   >    6   (6)
f_CLK_IRQHandler                   >    6   (6)
f_EEPROM_EEC_IRQHandler            >    6   (6)
f_EXTI_PORTA_IRQHandler            >    6   (6)
f_EXTI_PORTB_IRQHandler            >    6   (6)
f_EXTI_PORTC_IRQHandler            >    6   (6)
f_EXTI_PORTD_IRQHandler            >    6   (6)
f_EXTI_PORTE_IRQHandler            >    6   (6)
f_I2C_IRQHandler                   >    6   (6)
f_NonHandledInterrupt              >    6   (6)
f_SPI_IRQHandler                   >    6   (6)
f_TIM1_CAP_COM_IRQHandler          >    6   (6)
f_TIM1_UPD_OVF_TRG_BRK_IRQHandler  >    6   (6)
f_TIM2_CAP_COM_IRQHandler          >    6   (6)
f_TIM2_UPD_OVF_BRK_IRQHandler      >   63   (16)
f_TIM3_CAP_COM_IRQHandler          >    6   (6)
f_TIM3_UPD_OVF_BRK_IRQHandler      >   21   (12)
f_TIM4_UPD_OVF_IRQHandler          >    6   (6)
f_TLI_IRQHandler                   >    6   (6)
f_TRAP_IRQHandler                  >    6   (6)
f_UART2_RX_IRQHandler              >   27   (16)
f_UART2_TX_IRQHandler              >    6   (6)

Debug\stm8s_tim2.o:
L7_TI3_Config                           6   (6)
_TIM2_ARRPreloadConfig             >    9   (3)
_TIM2_CCxCmd                       >   10   (4)
_TIM2_ClearFlag                    >   10   (4)
_TIM2_ClearITPendingBit                 9   (3)
_TIM2_Cmd                               9   (3)
_TIM2_DeInit                            2   (2)
_TIM2_ForcedOC1Config              >    9   (3)
_TIM2_ForcedOC2Config              >    9   (3)
_TIM2_ForcedOC3Config              >    9   (3)
_TIM2_GenerateEvent                >    9   (3)
_TIM2_GetCapture1                  >    6   (6)
_TIM2_GetCapture2                  >    6   (6)
_TIM2_GetCapture3                  >    6   (6)
_TIM2_GetCounter                   >    4   (4)
_TIM2_GetFlagStatus                >   12   (6)
_TIM2_GetITStatus                  >   11   (5)
_TIM2_GetPrescaler                 >    2   (2)
_TIM2_ICInit                       >   16   (7)
_TIM2_ITConfig                         10   (4)
_TIM2_OC1Init                      >   14   (8)
_TIM2_OC1PolarityConfig            >    9   (3)
_TIM2_OC1PreloadConfig             >    9   (3)
_TIM2_OC2Init                      >   14   (8)
_TIM2_OC2PolarityConfig            >    9   (3)
_TIM2_OC2PreloadConfig             >    9   (3)
_TIM2_OC3Init                      >   14   (8)
_TIM2_OC3PolarityConfig            >    9   (3)
_TIM2_OC3PreloadConfig             >    9   (3)
_TIM2_PWMIConfig                   >   18   (9)
_TIM2_PrescalerConfig              >   10   (4)
_TIM2_SelectOCxM                   >   10   (4)
_TIM2_SelectOnePulseMode           >    9   (3)
_TIM2_SetAutoreload                >    2   (2)
_TIM2_SetCompare1                  >    2   (2)
_TIM2_SetCompare2                  >    2   (2)
_TIM2_SetCompare3                  >    2   (2)
_TIM2_SetCounter                   >    2   (2)
_TIM2_SetIC1Prescaler                   9   (3)
_TIM2_SetIC2Prescaler                   9   (3)
_TIM2_SetIC3Prescaler                   9   (3)
_TIM2_TimeBaseInit                      5   (5)
_TIM2_UpdateDisableConfig          >    9   (3)
_TIM2_UpdateRequestConfig          >    9   (3)

Debug\stm8s_tim3.o:
L3_TI1_Config                           6   (6)
L5_TI2_Config                           6   (6)
_TIM3_ARRPreloadConfig             >    9   (3)
_TIM3_CCxCmd                       >   10   (4)
_TIM3_ClearFlag                    >   10   (4)
_TIM3_ClearITPendingBit                 9   (3)
_TIM3_Cmd                               9   (3)
_TIM3_DeInit                            2   (2)
_TIM3_ForcedOC1Config              >    9   (3)
_TIM3_ForcedOC2Config              >    9   (3)
_TIM3_GenerateEvent                >    9   (3)
_TIM3_GetCapture1                  >    6   (6)
_TIM3_GetCapture2                  >    6   (6)
_TIM3_GetCounter                   >    4   (4)
_TIM3_GetFlagStatus                >   12   (6)
_TIM3_GetITStatus                  >   11   (5)
_TIM3_GetPrescaler                 >    2   (2)
_TIM3_ICInit                       >   16   (7)
_TIM3_ITConfig                         10   (4)
_TIM3_OC1Init                      >   14   (8)
_TIM3_OC1PolarityConfig            >    9   (3)
_TIM3_OC1PreloadConfig             >    9   (3)
_TIM3_OC2Init                      >   14   (8)
_TIM3_OC2PolarityConfig            >    9   (3)
_TIM3_OC2PreloadConfig             >    9   (3)
_TIM3_PWMIConfig                   >   18   (9)
_TIM3_PrescalerConfig              >   10   (4)
_TIM3_SelectOCxM                   >   10   (4)
_TIM3_SelectOnePulseMode           >    9   (3)
_TIM3_SetAutoreload                >    2   (2)
_TIM3_SetCompare1                  >    2   (2)
_TIM3_SetCompare2                  >    2   (2)
_TIM3_SetCounter                   >    2   (2)
_TIM3_SetIC1Prescaler                   9   (3)
_TIM3_SetIC2Prescaler                   9   (3)
_TIM3_TimeBaseInit                      5   (5)
_TIM3_UpdateDisableConfig          >    9   (3)
_TIM3_UpdateRequestConfig          >    9   (3)

Debug\stm8s_uart2.o:
_UART2_ClearFlag                   >   10   (4)
_UART2_ClearITPendingBit               10   (4)
_UART2_Cmd                              2   (2)
_UART2_DeInit                           2   (2)
_UART2_GetFlagStatus               >   11   (5)
_UART2_GetITStatus                 >   12   (6)
_UART2_ITConfig                        13   (7)
_UART2_Init                            50   (25)
_UART2_IrDACmd                     >    9   (3)
_UART2_IrDAConfig                  >    9   (3)
_UART2_LINBreakDetectionConfig     >    9   (3)
_UART2_LINCmd                      >    9   (3)
_UART2_LINConfig                   >   11   (5)
_UART2_ReceiveData8                     2   (2)
_UART2_ReceiveData9                >    4   (4)
_UART2_ReceiverWakeUpCmd           >    9   (3)
_UART2_SendBreak                   >    2   (2)
_UART2_SendData8                        2   (2)
_UART2_SendData9                   >    4   (4)
_UART2_SetAddress                  >    9   (3)
_UART2_SetGuardTime                >    2   (2)
_UART2_SetPrescaler                >    2   (2)
_UART2_SmartCardCmd                >    9   (3)
_UART2_SmartCardNACKCmd            >    9   (3)
_UART2_WakeUpConfig                >    9   (3)

Stack size: 117


                              ---------
                              Call tree
                              ---------
   1 > _CLK_AdjustHSICalibrationValue: (3)
   2      + _assert_failed: (6)
       
   3 > _CLK_CCOCmd: (3)
   4      + _assert_failed --> 2
       
   5 > _CLK_CCOConfig: (3)
   6      + _assert_failed --> 2
       
   7 > _CLK_ClearITPendingBit: (3)
   8      + _assert_failed --> 2
       
   9 > _CLK_ClockSecuritySystemEnable: (2)

  10 > _CLK_ClockSwitchCmd: (3)
  11      + _assert_failed --> 2
       
  12 > _CLK_ClockSwitchConfig: (10)
  13      + _assert_failed --> 2
       
  14 > _CLK_DeInit: (2)

  15 > _CLK_FastHaltWakeUpCmd: (3)
  16      + _assert_failed --> 2
       
  17 > _CLK_GetFlagStatus: (7)
  18      + _assert_failed --> 2
       
  19 > _CLK_GetITStatus: (4)
  20      + _assert_failed --> 2
       
  21 > _CLK_GetSYSCLKSource: (2)

  22 > _CLK_HSECmd: (3)
  23      + _assert_failed --> 2
       
  24 > _CLK_HSICmd: (3)
  25      + _assert_failed --> 2
       
  26 > _CLK_ITConfig: (4)
  27      + _assert_failed --> 2
       
  28 > _CLK_LSICmd: (3)
  29      + _assert_failed --> 2
       
  30 > _CLK_PeripheralClockConfig: (4)
  31      + _assert_failed --> 2
       
  32 > _CLK_SWIMConfig: (3)
  33      + _assert_failed --> 2
       
  34 > _CLK_SYSCLKConfig: (3)
  35      + _assert_failed --> 2
       
  36 > _CLK_SYSCLKEmergencyClear: (2)

  37 > _CLK_SlowActiveHaltWakeUpCmd: (3)
  38      + _assert_failed --> 2
       
  39 > _GPIO_ExternalPullUpConfig: (6)
  40      + _assert_failed --> 2
       
  41 > _GPIO_ReadInputData: (2)

  42 > _GPIO_ReadInputPin: (5)

  43 > _GPIO_ReadOutputData: (2)

  44 > _GPIO_Write: (5)

  45 > _HextoByte_4: (14)
  46      + _HexToByte: (11)
       
  47 > _TIM2_ARRPreloadConfig: (3)
  48      + _assert_failed --> 2
       
  49 > _TIM2_CCxCmd: (4)
  50      + _assert_failed --> 2
       
  51 > _TIM2_ClearFlag: (4)
  52      + _assert_failed --> 2
       
  53 > _TIM2_ForcedOC1Config: (3)
  54      + _assert_failed --> 2
       
  55 > _TIM2_ForcedOC2Config: (3)
  56      + _assert_failed --> 2
       
  57 > _TIM2_ForcedOC3Config: (3)
  58      + _assert_failed --> 2
       
  59 > _TIM2_GenerateEvent: (3)
  60      + _assert_failed --> 2
       
  61 > _TIM2_GetCapture1: (6)

  62 > _TIM2_GetCapture2: (6)

  63 > _TIM2_GetCapture3: (6)

  64 > _TIM2_GetCounter: (4)

  65 > _TIM2_GetFlagStatus: (6)
  66      + _assert_failed --> 2
       
  67 > _TIM2_GetITStatus: (5)
  68      + _assert_failed --> 2
       
  69 > _TIM2_GetPrescaler: (2)

  70 > _TIM2_ICInit: (7)
  71      + L3_TI1_Config: (6)
  72      + L5_TI2_Config: (6)
  73      + L7_TI3_Config: (6)
  74      + _TIM2_SetIC1Prescaler: (3)
  75      |    + _assert_failed --> 2
          | 
  76      + _TIM2_SetIC2Prescaler: (3)
  77      |    + _assert_failed --> 2
          | 
  78      + _TIM2_SetIC3Prescaler: (3)
  79      |    + _assert_failed --> 2
          | 
  80      + _assert_failed --> 2
       
  81 > _TIM2_OC1Init: (8)
  82      + _assert_failed --> 2
       
  83 > _TIM2_OC1PolarityConfig: (3)
  84      + _assert_failed --> 2
       
  85 > _TIM2_OC1PreloadConfig: (3)
  86      + _assert_failed --> 2
       
  87 > _TIM2_OC2Init: (8)
  88      + _assert_failed --> 2
       
  89 > _TIM2_OC2PolarityConfig: (3)
  90      + _assert_failed --> 2
       
  91 > _TIM2_OC2PreloadConfig: (3)
  92      + _assert_failed --> 2
       
  93 > _TIM2_OC3Init: (8)
  94      + _assert_failed --> 2
       
  95 > _TIM2_OC3PolarityConfig: (3)
  96      + _assert_failed --> 2
       
  97 > _TIM2_OC3PreloadConfig: (3)
  98      + _assert_failed --> 2
       
  99 > _TIM2_PWMIConfig: (9)
 100      + L3_TI1_Config --> 71
 101      + L5_TI2_Config --> 72
 102      + _TIM2_SetIC1Prescaler --> 74
 103      + _TIM2_SetIC2Prescaler --> 76
 104      + _assert_failed --> 2
       
 105 > _TIM2_PrescalerConfig: (4)
 106      + _assert_failed --> 2
       
 107 > _TIM2_SelectOCxM: (4)
 108      + _assert_failed --> 2
       
 109 > _TIM2_SelectOnePulseMode: (3)
 110      + _assert_failed --> 2
       
 111 > _TIM2_SetAutoreload: (2)

 112 > _TIM2_SetCompare1: (2)

 113 > _TIM2_SetCompare2: (2)

 114 > _TIM2_SetCompare3: (2)

 115 > _TIM2_SetCounter: (2)

 116 > _TIM2_UpdateDisableConfig: (3)
 117      + _assert_failed --> 2
       
 118 > _TIM2_UpdateRequestConfig: (3)
 119      + _assert_failed --> 2
       
 120 > _TIM3_ARRPreloadConfig: (3)
 121      + _assert_failed --> 2
       
 122 > _TIM3_CCxCmd: (4)
 123      + _assert_failed --> 2
       
 124 > _TIM3_ClearFlag: (4)
 125      + _assert_failed --> 2
       
 126 > _TIM3_ForcedOC1Config: (3)
 127      + _assert_failed --> 2
       
 128 > _TIM3_ForcedOC2Config: (3)
 129      + _assert_failed --> 2
       
 130 > _TIM3_GenerateEvent: (3)
 131      + _assert_failed --> 2
       
 132 > _TIM3_GetCapture1: (6)

 133 > _TIM3_GetCapture2: (6)

 134 > _TIM3_GetCounter: (4)

 135 > _TIM3_GetFlagStatus: (6)
 136      + _assert_failed --> 2
       
 137 > _TIM3_GetITStatus: (5)
 138      + _assert_failed --> 2
       
 139 > _TIM3_GetPrescaler: (2)

 140 > _TIM3_ICInit: (7)
 141      + L3_TI1_Config --> 71
 142      + L5_TI2_Config --> 72
 143      + _TIM3_SetIC1Prescaler: (3)
 144      |    + _assert_failed --> 2
          | 
 145      + _TIM3_SetIC2Prescaler: (3)
 146      |    + _assert_failed --> 2
          | 
 147      + _assert_failed --> 2
       
 148 > _TIM3_OC1Init: (8)
 149      + _assert_failed --> 2
       
 150 > _TIM3_OC1PolarityConfig: (3)
 151      + _assert_failed --> 2
       
 152 > _TIM3_OC1PreloadConfig: (3)
 153      + _assert_failed --> 2
       
 154 > _TIM3_OC2Init: (8)
 155      + _assert_failed --> 2
       
 156 > _TIM3_OC2PolarityConfig: (3)
 157      + _assert_failed --> 2
       
 158 > _TIM3_OC2PreloadConfig: (3)
 159      + _assert_failed --> 2
       
 160 > _TIM3_PWMIConfig: (9)
 161      + L3_TI1_Config --> 71
 162      + L5_TI2_Config --> 72
 163      + _TIM3_SetIC1Prescaler --> 143
 164      + _TIM3_SetIC2Prescaler --> 145
 165      + _assert_failed --> 2
       
 166 > _TIM3_PrescalerConfig: (4)
 167      + _assert_failed --> 2
       
 168 > _TIM3_SelectOCxM: (4)
 169      + _assert_failed --> 2
       
 170 > _TIM3_SelectOnePulseMode: (3)
 171      + _assert_failed --> 2
       
 172 > _TIM3_SetAutoreload: (2)

 173 > _TIM3_SetCompare1: (2)

 174 > _TIM3_SetCompare2: (2)

 175 > _TIM3_SetCounter: (2)

 176 > _TIM3_UpdateDisableConfig: (3)
 177      + _assert_failed --> 2
       
 178 > _TIM3_UpdateRequestConfig: (3)
 179      + _assert_failed --> 2
       
 180 > _UART2_ClearFlag: (4)
 181      + _assert_failed --> 2
       
 182 > _UART2_GetFlagStatus: (5)
 183      + _assert_failed --> 2
       
 184 > _UART2_GetITStatus: (6)
 185      + _assert_failed --> 2
       
 186 > _UART2_IrDACmd: (3)
 187      + _assert_failed --> 2
       
 188 > _UART2_IrDAConfig: (3)
 189      + _assert_failed --> 2
       
 190 > _UART2_LINBreakDetectionConfig: (3)
 191      + _assert_failed --> 2
       
 192 > _UART2_LINCmd: (3)
 193      + _assert_failed --> 2
       
 194 > _UART2_LINConfig: (5)
 195      + _assert_failed --> 2
       
 196 > _UART2_ReceiveData9: (4)

 197 > _UART2_ReceiverWakeUpCmd: (3)
 198      + _assert_failed --> 2
       
 199 > _UART2_SendBreak: (2)

 200 > _UART2_SendData9: (4)

 201 > _UART2_SetAddress: (3)
 202      + _assert_failed --> 2
       
 203 > _UART2_SetGuardTime: (2)

 204 > _UART2_SetPrescaler: (2)

 205 > _UART2_SmartCardCmd: (3)
 206      + _assert_failed --> 2
       
 207 > _UART2_SmartCardNACKCmd: (3)
 208      + _assert_failed --> 2
       
 209 > _UART2_WakeUpConfig: (3)
 210      + _assert_failed --> 2
       
 211 > __stext: (0)

 212 > _main: (2)
 213      + _Delay: (6)
 214      + _Delay_Init: (2)
 215      |    + _TIM3_Cmd: (3)
 216      |    |    + _assert_failed --> 2
          |    | 
 217      |    + _TIM3_DeInit: (2)
 218      |    + _TIM3_ITConfig: (4)
 219      |    |    + _assert_failed --> 2
          |    | 
 220      |    + _TIM3_TimeBaseInit: (5)
          | 
 221      + _GPIO_DeInit: (2)
 222      + _GPIO_Init: (6)
 223      |    + _assert_failed --> 2
          | 
 224      + _GPIO_WriteReverse: (5)
 225      + _Modbus_Init: (2)
 226      |    + _CLK_HSIPrescalerConfig: (3)
 227      |    |    + _assert_failed --> 2
          |    | 
 228      |    + _GPIO_DeInit --> 221
 229      |    + _GPIO_Init --> 222
 230      |    + _TIM2_Cmd: (3)
 231      |    |    + _assert_failed --> 2
          |    | 
 232      |    + _TIM2_DeInit: (2)
 233      |    + _TIM2_ITConfig: (4)
 234      |    |    + _assert_failed --> 2
          |    | 
 235      |    + _TIM2_TimeBaseInit: (5)
 236      |    + _UART2_Cmd: (2)
 237      |    + _UART2_DeInit: (2)
 238      |    + _UART2_ITConfig: (7)
 239      |    |    + _assert_failed --> 2
          |    | 
 240      |    + _UART2_Init: (25)
 241      |    |    + _CLK_GetClockFreq: (11)
 242      |    |    + _assert_failed --> 2
          |    | 
          | 
 243      + _SetDevAddr: (3)
 244      |    + ___checkAddr: (2)
          | 
       
 245 > f_ADC1_IRQHandler: (6)

 246 > f_AWU_IRQHandler: (6)

 247 > f_CLK_IRQHandler: (6)

 248 > f_EEPROM_EEC_IRQHandler: (6)

 249 > f_EXTI_PORTA_IRQHandler: (6)

 250 > f_EXTI_PORTB_IRQHandler: (6)

 251 > f_EXTI_PORTC_IRQHandler: (6)

 252 > f_EXTI_PORTD_IRQHandler: (6)

 253 > f_EXTI_PORTE_IRQHandler: (6)

 254 > f_I2C_IRQHandler: (6)

 255 > f_NonHandledInterrupt: (6)

 256 > f_SPI_IRQHandler: (6)

 257 > f_TIM1_CAP_COM_IRQHandler: (6)

 258 > f_TIM1_UPD_OVF_TRG_BRK_IRQHandler: (6)

 259 > f_TIM2_CAP_COM_IRQHandler: (6)

 260 > f_TIM2_UPD_OVF_BRK_IRQHandler: (16)
 261      + _CheckLRC: (11)
 262      |    + _GetLRC: (8)
 263      |    |    + _HexToByte --> 46
          |    | 
 264      |    + _HexToByte --> 46
 265      |    + _UART_SendStr: (4)
 266      |    |    + _GPIO_WriteHigh: (5)
 267      |    |    + _GPIO_WriteLow: (5)
 268      |    |    + _UART2_SendData8: (2)
          |    | 
          | 
 269      + _ForceSingleCoil: (2)
 270      + _HexToByte --> 46
 271      + _PresetSingleRegister: (2)
 272      + _ReadCoilStatus: (28)
 273      |    + _ByteToHex: (8)
 274      |    + _GetLRC --> 262
 275      |    + _HexToByte --> 46
 276      |    + _RewritingChars: (6)
 277      |    + _StateOfCoil: (9)
 278      |    + _UART_SendStr --> 265
          | 
 279      + _ReadHoldingRegisters: (2)
 280      + _ReadInputRegisters: (2)
 281      + _ReadInputStatus: (2)
 282      |    + _UART_SendStr --> 265
          | 
 283      + _TIM2_ClearITPendingBit: (3)
 284      |    + _assert_failed --> 2
          | 
 285      + _UART_SendStr --> 265
 286      + ___checkFunc: (2)
       
 287 > f_TIM3_CAP_COM_IRQHandler: (6)

 288 > f_TIM3_UPD_OVF_BRK_IRQHandler: (12)
 289      + _TIM3_ClearITPendingBit: (3)
 290      |    + _assert_failed --> 2
          | 
       
 291 > f_TIM4_UPD_OVF_IRQHandler: (6)

 292 > f_TLI_IRQHandler: (6)

 293 > f_TRAP_IRQHandler: (6)

 294 > f_UART2_RX_IRQHandler: (16)
 295      + _HexToByte --> 46
 296      + _UART2_ClearITPendingBit: (4)
 297      |    + _assert_failed --> 2
          | 
 298      + _UART2_ReceiveData8: (2)
       
 299 > f_UART2_TX_IRQHandler: (6)

 300   L3_TI1_Config --> 71

 301   L5_TI2_Config --> 72

 302   L7_TI3_Config --> 73

 303   _ByteToHex --> 273

 304   _CLK_GetClockFreq --> 241

 305   _CLK_HSIPrescalerConfig --> 226

 306   _CheckLRC --> 261

 307   _Delay --> 213

 308   _Delay_Init --> 214

 309   _ForceSingleCoil --> 269

 310   _GPIO_DeInit --> 221

 311   _GPIO_Init --> 222

 312   _GPIO_WriteHigh --> 266

 313   _GPIO_WriteLow --> 267

 314   _GPIO_WriteReverse --> 224

 315   _GetLRC --> 262

 316   _HexToByte --> 46

 317   _Modbus_Init --> 225

 318   _PresetSingleRegister --> 271

 319   _ReadCoilStatus --> 272

 320   _ReadHoldingRegisters --> 279

 321   _ReadInputRegisters --> 280

 322   _ReadInputStatus --> 281

 323   _RewritingChars --> 276

 324   _SetDevAddr --> 243

 325   _StateOfCoil --> 277

 326   _TIM2_ClearITPendingBit --> 283

 327   _TIM2_Cmd --> 230

 328   _TIM2_DeInit --> 232

 329   _TIM2_ITConfig --> 233

 330   _TIM2_SetIC1Prescaler --> 74

 331   _TIM2_SetIC2Prescaler --> 76

 332   _TIM2_SetIC3Prescaler --> 78

 333   _TIM2_TimeBaseInit --> 235

 334   _TIM3_ClearITPendingBit --> 289

 335   _TIM3_Cmd --> 215

 336   _TIM3_DeInit --> 217

 337   _TIM3_ITConfig --> 218

 338   _TIM3_SetIC1Prescaler --> 143

 339   _TIM3_SetIC2Prescaler --> 145

 340   _TIM3_TimeBaseInit --> 220

 341   _UART2_ClearITPendingBit --> 296

 342   _UART2_Cmd --> 236

 343   _UART2_DeInit --> 237

 344   _UART2_ITConfig --> 238

 345   _UART2_Init --> 240

 346   _UART2_ReceiveData8 --> 298

 347   _UART2_SendData8 --> 268

 348   _UART_SendStr --> 265

 349   ___checkAddr --> 244

 350   ___checkFunc --> 286

 351   _assert_failed --> 2



                               -------
                               Symbols
                               -------

_Address                            0000002d   defined in Debug\stm8s_it.o section .ubsct
                                               used in Debug\modbus.o
_ByteToHex                          0000a19d   defined in Debug\modbus.o section .text
_CLKPrescTable                      00008084   defined in Debug\stm8s_clk.o section .const
_CLK_AdjustHSICalibrationValue      0000873f   defined in Debug\stm8s_clk.o section .text
_CLK_CCOCmd                         0000838e   defined in Debug\stm8s_clk.o section .text
_CLK_CCOConfig                      0000859b   defined in Debug\stm8s_clk.o section .text
_CLK_ClearITPendingBit              00008837   defined in Debug\stm8s_clk.o section .text
_CLK_ClockSecuritySystemEnable      000086d5   defined in Debug\stm8s_clk.o section .text
_CLK_ClockSwitchCmd                 000083b3   defined in Debug\stm8s_clk.o section .text
_CLK_ClockSwitchConfig              0000849b   defined in Debug\stm8s_clk.o section .text
_CLK_DeInit                         000082c4   defined in Debug\stm8s_clk.o section .text
_CLK_FastHaltWakeUpCmd              000082fa   defined in Debug\stm8s_clk.o section .text
_CLK_GetClockFreq                   000086de   defined in Debug\stm8s_clk.o section .text
                                               used in Debug\stm8s_uart2.o
_CLK_GetFlagStatus                  0000877e   defined in Debug\stm8s_clk.o section .text
_CLK_GetITStatus                    000087fe   defined in Debug\stm8s_clk.o section .text
_CLK_GetSYSCLKSource                000086da   defined in Debug\stm8s_clk.o section .text
_CLK_HSECmd                         0000831f   defined in Debug\stm8s_clk.o section .text
_CLK_HSICmd                         00008344   defined in Debug\stm8s_clk.o section .text
_CLK_HSIPrescalerConfig             0000856b   defined in Debug\stm8s_clk.o section .text
                                               used in Debug\modbus.o
_CLK_ITConfig                       000085f3   defined in Debug\stm8s_clk.o section .text
_CLK_LSICmd                         00008369   defined in Debug\stm8s_clk.o section .text
_CLK_PeripheralClockConfig          000083fd   defined in Debug\stm8s_clk.o section .text
_CLK_SWIMConfig                     000086b0   defined in Debug\stm8s_clk.o section .text
_CLK_SYSCLKConfig                   0000864c   defined in Debug\stm8s_clk.o section .text
_CLK_SYSCLKEmergencyClear           00008779   defined in Debug\stm8s_clk.o section .text
_CLK_SlowActiveHaltWakeUpCmd        000083d8   defined in Debug\stm8s_clk.o section .text
_CheckLRC                           0000a434   defined in Debug\modbus.o section .text
                                               used in Debug\stm8s_it.o
_Delay                              0000a18c   defined in Debug\modbus.o section .text
                                               used in Debug\main.o
_Delay_Init                         0000a174   defined in Debug\modbus.o section .text
                                               used in Debug\main.o
_ForceSingleCoil                    0000a432   defined in Debug\modbus.o section .text
                                               used in Debug\stm8s_it.o
_GPIO_DeInit                        00008860   defined in Debug\stm8s_gpio.o section .text
                                               used in Debug\main.o
                                                       Debug\modbus.o
_GPIO_ExternalPullUpConfig          00008931   defined in Debug\stm8s_gpio.o section .text
_GPIO_Init                          00008868   defined in Debug\stm8s_gpio.o section .text
                                               used in Debug\main.o
                                                       Debug\modbus.o
_GPIO_ReadInputData                 00008927   defined in Debug\stm8s_gpio.o section .text
_GPIO_ReadInputPin                  0000892a   defined in Debug\stm8s_gpio.o section .text
_GPIO_ReadOutputData                00008925   defined in Debug\stm8s_gpio.o section .text
_GPIO_Write                         00008907   defined in Debug\stm8s_gpio.o section .text
_GPIO_WriteHigh                     0000890f   defined in Debug\stm8s_gpio.o section .text
                                               used in Debug\modbus.o
_GPIO_WriteLow                      00008916   defined in Debug\stm8s_gpio.o section .text
                                               used in Debug\modbus.o
_GPIO_WriteReverse                  0000891e   defined in Debug\stm8s_gpio.o section .text
                                               used in Debug\main.o
_GetLRC                             0000a48b   defined in Debug\modbus.o section .text
_HSIDivFactor                       00008080   defined in Debug\stm8s_clk.o section .const
_HexToByte                          0000a1d5   defined in Debug\modbus.o section .text
                                               used in Debug\stm8s_it.o
_HextoByte_4                        0000a4e6   defined in Debug\modbus.o section .text
_Input_Registers                    00000019   defined in Debug\stm8s_it.o section .ubsct
                                               used in Debug\modbus.o
_Modbus_Init                        0000a11f   defined in Debug\modbus.o section .text
                                               used in Debug\main.o
_Output_Registers                   00000005   defined in Debug\stm8s_it.o section .ubsct
_PresetSingleRegister               0000a433   defined in Debug\modbus.o section .text
                                               used in Debug\stm8s_it.o
_ReadCoilStatus                     0000a2a3   defined in Debug\modbus.o section .text
                                               used in Debug\stm8s_it.o
_ReadHoldingRegisters               0000a430   defined in Debug\modbus.o section .text
                                               used in Debug\stm8s_it.o
_ReadInputRegisters                 0000a431   defined in Debug\modbus.o section .text
                                               used in Debug\stm8s_it.o
_ReadInputStatus                    0000a42a   defined in Debug\modbus.o section .text
                                               used in Debug\stm8s_it.o
_RewritingChars                     0000a24f   defined in Debug\modbus.o section .text
_STATUS_BIT                         00000000   defined in Debug\stm8s_it.o section .bsct, initialized
_SetDevAddr                         0000a243   defined in Debug\modbus.o section .text
                                               used in Debug\main.o
_StateOfCoil                        0000a271   defined in Debug\modbus.o section .text
_TIM2_ARRPreloadConfig              00008e4c   defined in Debug\stm8s_tim2.o section .text
_TIM2_CCxCmd                        00008f6b   defined in Debug\stm8s_tim2.o section .text
_TIM2_ClearFlag                     000091b0   defined in Debug\stm8s_tim2.o section .text
_TIM2_ClearITPendingBit             00009217   defined in Debug\stm8s_tim2.o section .text
                                               used in Debug\stm8s_it.o
_TIM2_Cmd                           00008ca6   defined in Debug\stm8s_tim2.o section .text
                                               used in Debug\modbus.o
_TIM2_DeInit                        0000896a   defined in Debug\stm8s_tim2.o section .text
                                               used in Debug\modbus.o
_TIM2_ForcedOC1Config               00008de3   defined in Debug\stm8s_tim2.o section .text
_TIM2_ForcedOC2Config               00008e06   defined in Debug\stm8s_tim2.o section .text
_TIM2_ForcedOC3Config               00008e29   defined in Debug\stm8s_tim2.o section .text
_TIM2_GenerateEvent                 00008ee0   defined in Debug\stm8s_tim2.o section .text
_TIM2_GetCapture1                   000090f3   defined in Debug\stm8s_tim2.o section .text
_TIM2_GetCapture2                   00009110   defined in Debug\stm8s_tim2.o section .text
_TIM2_GetCapture3                   0000912d   defined in Debug\stm8s_tim2.o section .text
_TIM2_GetCounter                    0000914a   defined in Debug\stm8s_tim2.o section .text
_TIM2_GetFlagStatus                 00009166   defined in Debug\stm8s_tim2.o section .text
_TIM2_GetITStatus                   000091d9   defined in Debug\stm8s_tim2.o section .text
_TIM2_GetPrescaler                  00009162   defined in Debug\stm8s_tim2.o section .text
_TIM2_ICInit                        00008b44   defined in Debug\stm8s_tim2.o section .text
_TIM2_ITConfig                      00008ccb   defined in Debug\stm8s_tim2.o section .text
                                               used in Debug\modbus.o
_TIM2_OC1Init                       000089d3   defined in Debug\stm8s_tim2.o section .text
_TIM2_OC1PolarityConfig             00008ef9   defined in Debug\stm8s_tim2.o section .text
_TIM2_OC1PreloadConfig              00008e71   defined in Debug\stm8s_tim2.o section .text
_TIM2_OC2Init                       00008a4e   defined in Debug\stm8s_tim2.o section .text
_TIM2_OC2PolarityConfig             00008f1f   defined in Debug\stm8s_tim2.o section .text
_TIM2_OC2PreloadConfig              00008e96   defined in Debug\stm8s_tim2.o section .text
_TIM2_OC3Init                       00008ac9   defined in Debug\stm8s_tim2.o section .text
_TIM2_OC3PolarityConfig             00008f45   defined in Debug\stm8s_tim2.o section .text
_TIM2_OC3PreloadConfig              00008ebb   defined in Debug\stm8s_tim2.o section .text
_TIM2_PWMIConfig                    00008be7   defined in Debug\stm8s_tim2.o section .text
_TIM2_PrescalerConfig               00008d78   defined in Debug\stm8s_tim2.o section .text
_TIM2_SelectOCxM                    00008fcd   defined in Debug\stm8s_tim2.o section .text
_TIM2_SelectOnePulseMode            00008d52   defined in Debug\stm8s_tim2.o section .text
_TIM2_SetAutoreload                 00009051   defined in Debug\stm8s_tim2.o section .text
_TIM2_SetCompare1                   0000905a   defined in Debug\stm8s_tim2.o section .text
_TIM2_SetCompare2                   00009063   defined in Debug\stm8s_tim2.o section .text
_TIM2_SetCompare3                   0000906c   defined in Debug\stm8s_tim2.o section .text
_TIM2_SetCounter                    00009048   defined in Debug\stm8s_tim2.o section .text
_TIM2_SetIC1Prescaler               00009075   defined in Debug\stm8s_tim2.o section .text
_TIM2_SetIC2Prescaler               0000909f   defined in Debug\stm8s_tim2.o section .text
_TIM2_SetIC3Prescaler               000090c9   defined in Debug\stm8s_tim2.o section .text
_TIM2_TimeBaseInit                  000089c3   defined in Debug\stm8s_tim2.o section .text
                                               used in Debug\modbus.o
_TIM2_UpdateDisableConfig           00008d08   defined in Debug\stm8s_tim2.o section .text
_TIM2_UpdateRequestConfig           00008d2d   defined in Debug\stm8s_tim2.o section .text
_TIM3_ARRPreloadConfig              000096da   defined in Debug\stm8s_tim3.o section .text
_TIM3_CCxCmd                        000097ae   defined in Debug\stm8s_tim3.o section .text
_TIM3_ClearFlag                     00009969   defined in Debug\stm8s_tim3.o section .text
_TIM3_ClearITPendingBit             000099ce   defined in Debug\stm8s_tim3.o section .text
                                               used in Debug\stm8s_it.o
_TIM3_Cmd                           00009557   defined in Debug\stm8s_tim3.o section .text
                                               used in Debug\modbus.o
_TIM3_DeInit                        000092c5   defined in Debug\stm8s_tim3.o section .text
                                               used in Debug\modbus.o
_TIM3_ForcedOC1Config               00009694   defined in Debug\stm8s_tim3.o section .text
_TIM3_ForcedOC2Config               000096b7   defined in Debug\stm8s_tim3.o section .text
_TIM3_GenerateEvent                 00009749   defined in Debug\stm8s_tim3.o section .text
_TIM3_GetCapture1                   000098d3   defined in Debug\stm8s_tim3.o section .text
_TIM3_GetCapture2                   000098f0   defined in Debug\stm8s_tim3.o section .text
_TIM3_GetCounter                    0000990d   defined in Debug\stm8s_tim3.o section .text
_TIM3_GetFlagStatus                 00009929   defined in Debug\stm8s_tim3.o section .text
_TIM3_GetITStatus                   00009994   defined in Debug\stm8s_tim3.o section .text
_TIM3_GetPrescaler                  00009925   defined in Debug\stm8s_tim3.o section .text
_TIM3_ICInit                        00009410   defined in Debug\stm8s_tim3.o section .text
_TIM3_ITConfig                      0000957c   defined in Debug\stm8s_tim3.o section .text
                                               used in Debug\modbus.o
_TIM3_OC1Init                       0000931a   defined in Debug\stm8s_tim3.o section .text
_TIM3_OC1PolarityConfig             00009762   defined in Debug\stm8s_tim3.o section .text
_TIM3_OC1PreloadConfig              000096ff   defined in Debug\stm8s_tim3.o section .text
_TIM3_OC2Init                       00009395   defined in Debug\stm8s_tim3.o section .text
_TIM3_OC2PolarityConfig             00009788   defined in Debug\stm8s_tim3.o section .text
_TIM3_OC2PreloadConfig              00009724   defined in Debug\stm8s_tim3.o section .text
_TIM3_PWMIConfig                    00009497   defined in Debug\stm8s_tim3.o section .text
_TIM3_PrescalerConfig               00009629   defined in Debug\stm8s_tim3.o section .text
_TIM3_SelectOCxM                    000097f8   defined in Debug\stm8s_tim3.o section .text
_TIM3_SelectOnePulseMode            00009603   defined in Debug\stm8s_tim3.o section .text
_TIM3_SetAutoreload                 00009864   defined in Debug\stm8s_tim3.o section .text
_TIM3_SetCompare1                   0000986d   defined in Debug\stm8s_tim3.o section .text
_TIM3_SetCompare2                   00009876   defined in Debug\stm8s_tim3.o section .text
_TIM3_SetCounter                    0000985b   defined in Debug\stm8s_tim3.o section .text
_TIM3_SetIC1Prescaler               0000987f   defined in Debug\stm8s_tim3.o section .text
_TIM3_SetIC2Prescaler               000098a9   defined in Debug\stm8s_tim3.o section .text
_TIM3_TimeBaseInit                  0000930a   defined in Debug\stm8s_tim3.o section .text
                                               used in Debug\modbus.o
_TIM3_UpdateDisableConfig           000095b9   defined in Debug\stm8s_tim3.o section .text
_TIM3_UpdateRequestConfig           000095de   defined in Debug\stm8s_tim3.o section .text
_TimmingDelay                       00000001   defined in Debug\stm8s_it.o section .ubsct
                                               used in Debug\modbus.o
_UART2_ClearFlag                    00009f88   defined in Debug\stm8s_uart2.o section .text
_UART2_ClearITPendingBit            0000a086   defined in Debug\stm8s_uart2.o section .text
                                               used in Debug\stm8s_it.o
_UART2_Cmd                          00009c39   defined in Debug\stm8s_uart2.o section .text
                                               used in Debug\modbus.o
_UART2_DeInit                       00009a4c   defined in Debug\stm8s_uart2.o section .text
                                               used in Debug\modbus.o
_UART2_GetFlagStatus                00009efc   defined in Debug\stm8s_uart2.o section .text
_UART2_GetITStatus                  00009fd4   defined in Debug\stm8s_uart2.o section .text
_UART2_ITConfig                     00009c46   defined in Debug\stm8s_uart2.o section .text
                                               used in Debug\modbus.o
_UART2_Init                         00009a73   defined in Debug\stm8s_uart2.o section .text
                                               used in Debug\modbus.o
_UART2_IrDACmd                      00009d2d   defined in Debug\stm8s_uart2.o section .text
_UART2_IrDAConfig                   00009d07   defined in Debug\stm8s_uart2.o section .text
_UART2_LINBreakDetectionConfig      00009d52   defined in Debug\stm8s_uart2.o section .text
_UART2_LINCmd                       00009dd7   defined in Debug\stm8s_uart2.o section .text
_UART2_LINConfig                    00009d77   defined in Debug\stm8s_uart2.o section .text
_UART2_ReceiveData8                 00009e8f   defined in Debug\stm8s_uart2.o section .text
                                               used in Debug\stm8s_it.o
_UART2_ReceiveData9                 00009e93   defined in Debug\stm8s_uart2.o section .text
_UART2_ReceiverWakeUpCmd            00009e6a   defined in Debug\stm8s_uart2.o section .text
_UART2_SendBreak                    00009eca   defined in Debug\stm8s_uart2.o section .text
_UART2_SendData8                    00009eaf   defined in Debug\stm8s_uart2.o section .text
                                               used in Debug\modbus.o
_UART2_SendData9                    00009eb3   defined in Debug\stm8s_uart2.o section .text
_UART2_SetAddress                   00009ecf   defined in Debug\stm8s_uart2.o section .text
_UART2_SetGuardTime                 00009ef4   defined in Debug\stm8s_uart2.o section .text
_UART2_SetPrescaler                 00009ef8   defined in Debug\stm8s_uart2.o section .text
_UART2_SmartCardCmd                 00009dfc   defined in Debug\stm8s_uart2.o section .text
_UART2_SmartCardNACKCmd             00009e21   defined in Debug\stm8s_uart2.o section .text
_UART2_WakeUpConfig                 00009e46   defined in Debug\stm8s_uart2.o section .text
_UART_SendStr                       0000a0f6   defined in Debug\modbus.o section .text
                                               used in Debug\stm8s_it.o
___checkAddr                        0000a223   defined in Debug\modbus.o section .text
___checkFunc                        0000a226   defined in Debug\modbus.o section .text
                                               used in Debug\stm8s_it.o
__endmem                            000005ff   defined in command file
                                               *** not used ***
__endzp                             00000061   defined in command file section .ubsct
                                               used in C:\Program Files (x86)\COSMIC\CXSTM8_32K\Lib\crtsi0.sm8
__idesc__                           0000826b   defined in linker section .init
                                               used in C:\Program Files (x86)\COSMIC\CXSTM8_32K\Lib\crtsi0.sm8
__memory                            00000100   defined in command file section .bss
                                               used in C:\Program Files (x86)\COSMIC\CXSTM8_32K\Lib\crtsi0.sm8
__stack                             000007ff   defined in command file
                                               used in C:\Program Files (x86)\COSMIC\CXSTM8_32K\Lib\crtsi0.sm8
__startmem                          00000100   defined in command file section .bss
                                               *** not used ***
__stext                             00008274   defined in C:\Program Files (x86)\COSMIC\CXSTM8_32K\Lib\crtsi0.sm8 section .text
                                               used in Debug\stm8_interrupt_vector.o
__vectab                            00008000   defined in Debug\stm8_interrupt_vector.o section .const
_assert_failed                      0000a0f4   defined in Debug\main.o section .text
                                               used in Debug\stm8s_clk.o
                                                       Debug\stm8s_gpio.o
                                                       Debug\stm8s_tim2.o
                                                       Debug\stm8s_tim3.o
                                                       Debug\stm8s_uart2.o
_buffer                             00000043   defined in Debug\stm8s_it.o section .ubsct
_counter                            0000002e   defined in Debug\stm8s_it.o section .ubsct
_exit                               000082c2   defined in C:\Program Files (x86)\COSMIC\CXSTM8_32K\Lib\crtsi0.sm8 section .text
_main                               0000a0c2   defined in Debug\main.o section .text
                                               used in C:\Program Files (x86)\COSMIC\CXSTM8_32K\Lib\crtsi0.sm8
_word                               0000002f   defined in Debug\stm8s_it.o section .ubsct
                                               used in Debug\modbus.o
c_divsl                             0000a765   defined in (C:\Program Files (x86)\COSMIC\CXSTM8_32K\Lib\libm0.sm8)ldiv.o section .text
                                               *** not used ***
c_divul                             0000a77c   defined in (C:\Program Files (x86)\COSMIC\CXSTM8_32K\Lib\libm0.sm8)ldiv.o section .text
                                               used in (C:\Program Files (x86)\COSMIC\CXSTM8_32K\Lib\libm0.sm8)ludiv.o
c_lcmp                              0000a6e2   defined in (C:\Program Files (x86)\COSMIC\CXSTM8_32K\Lib\libm0.sm8)lcmp.o section .text
                                               used in Debug\stm8s_uart2.o
c_lgneg                             0000a850   defined in (C:\Program Files (x86)\COSMIC\CXSTM8_32K\Lib\libm0.sm8)lgneg.o section .text
                                               used in (C:\Program Files (x86)\COSMIC\CXSTM8_32K\Lib\libm0.sm8)ldiv.o
c_lgsbc                             0000a702   defined in (C:\Program Files (x86)\COSMIC\CXSTM8_32K\Lib\libm0.sm8)lgsbc.o section .text
                                               used in Debug\stm8s_it.o
c_llsh                              0000a718   defined in (C:\Program Files (x86)\COSMIC\CXSTM8_32K\Lib\libm0.sm8)llsh.o section .text
                                               used in Debug\stm8s_uart2.o
c_lneg                              0000a863   defined in (C:\Program Files (x86)\COSMIC\CXSTM8_32K\Lib\libm0.sm8)lneg.o section .text
                                               used in (C:\Program Files (x86)\COSMIC\CXSTM8_32K\Lib\libm0.sm8)ldiv.o
c_lreg                              00000057   defined in (C:\Program Files (x86)\COSMIC\CXSTM8_32K\Lib\libm0.sm8)lreg.o section .ubsct
                                               used in Debug\stm8s_clk.o
                                                       Debug\stm8s_uart2.o
                                                       (C:\Program Files (x86)\COSMIC\CXSTM8_32K\Lib\libm0.sm8)lcmp.o
                                                       (C:\Program Files (x86)\COSMIC\CXSTM8_32K\Lib\libm0.sm8)llsh.o
                                                       (C:\Program Files (x86)\COSMIC\CXSTM8_32K\Lib\libm0.sm8)lsub.o
                                                       (C:\Program Files (x86)\COSMIC\CXSTM8_32K\Lib\libm0.sm8)ltor.o
                                                       (C:\Program Files (x86)\COSMIC\CXSTM8_32K\Lib\libm0.sm8)ldiv.o
                                                       (C:\Program Files (x86)\COSMIC\CXSTM8_32K\Lib\libm0.sm8)lneg.o
                                                       (C:\Program Files (x86)\COSMIC\CXSTM8_32K\Lib\libm0.sm8)lursh.o
                                                       (C:\Program Files (x86)\COSMIC\CXSTM8_32K\Lib\libm0.sm8)rtol.o
                                                       (C:\Program Files (x86)\COSMIC\CXSTM8_32K\Lib\libm0.sm8)smul.o
c_lsub                              0000a727   defined in (C:\Program Files (x86)\COSMIC\CXSTM8_32K\Lib\libm0.sm8)lsub.o section .text
                                               used in Debug\stm8s_uart2.o
c_ltor                              0000a73f   defined in (C:\Program Files (x86)\COSMIC\CXSTM8_32K\Lib\libm0.sm8)ltor.o section .text
                                               used in Debug\stm8s_clk.o
                                                       Debug\stm8s_uart2.o
c_ludv                              0000a751   defined in (C:\Program Files (x86)\COSMIC\CXSTM8_32K\Lib\libm0.sm8)ludiv.o section .text
                                               used in Debug\stm8s_clk.o
                                                       Debug\stm8s_uart2.o
c_lursh                             0000a878   defined in (C:\Program Files (x86)\COSMIC\CXSTM8_32K\Lib\libm0.sm8)lursh.o section .text
                                               used in Debug\stm8s_uart2.o
c_lzmp                              0000a887   defined in (C:\Program Files (x86)\COSMIC\CXSTM8_32K\Lib\libm0.sm8)lzmp.o section .text
                                               used in Debug\modbus.o
                                                       Debug\stm8s_it.o
c_rtol                              0000a89a   defined in (C:\Program Files (x86)\COSMIC\CXSTM8_32K\Lib\libm0.sm8)rtol.o section .text
                                               used in Debug\stm8s_clk.o
                                                       Debug\stm8s_uart2.o
c_smul                              0000a8ac   defined in (C:\Program Files (x86)\COSMIC\CXSTM8_32K\Lib\libm0.sm8)smul.o section .text
                                               used in Debug\stm8s_uart2.o
c_x                                 0000005b   defined in (C:\Program Files (x86)\COSMIC\CXSTM8_32K\Lib\libm0.sm8)xreg.o section .ubsct
                                               used in C:\Program Files (x86)\COSMIC\CXSTM8_32K\Lib\crtsi0.sm8
                                                       Debug\stm8s_it.o
                                                       (C:\Program Files (x86)\COSMIC\CXSTM8_32K\Lib\libm0.sm8)ldiv.o
c_y                                 0000005e   defined in (C:\Program Files (x86)\COSMIC\CXSTM8_32K\Lib\libm0.sm8)yreg.o section .ubsct
                                               used in C:\Program Files (x86)\COSMIC\CXSTM8_32K\Lib\crtsi0.sm8
                                                       Debug\stm8s_it.o
f_ADC1_IRQHandler                   0000a6df   defined in Debug\stm8s_it.o section .text
                                               used in Debug\stm8_interrupt_vector.o
f_AWU_IRQHandler                    0000a547   defined in Debug\stm8s_it.o section .text
                                               used in Debug\stm8_interrupt_vector.o
f_CLK_IRQHandler                    0000a548   defined in Debug\stm8s_it.o section .text
                                               used in Debug\stm8_interrupt_vector.o
f_EEPROM_EEC_IRQHandler             0000a6e1   defined in Debug\stm8s_it.o section .text
                                               used in Debug\stm8_interrupt_vector.o
f_EXTI_PORTA_IRQHandler             0000a549   defined in Debug\stm8s_it.o section .text
                                               used in Debug\stm8_interrupt_vector.o
f_EXTI_PORTB_IRQHandler             0000a54a   defined in Debug\stm8s_it.o section .text
                                               used in Debug\stm8_interrupt_vector.o
f_EXTI_PORTC_IRQHandler             0000a54b   defined in Debug\stm8s_it.o section .text
                                               used in Debug\stm8_interrupt_vector.o
f_EXTI_PORTD_IRQHandler             0000a54c   defined in Debug\stm8s_it.o section .text
                                               used in Debug\stm8_interrupt_vector.o
f_EXTI_PORTE_IRQHandler             0000a54d   defined in Debug\stm8s_it.o section .text
                                               used in Debug\stm8_interrupt_vector.o
f_I2C_IRQHandler                    0000a644   defined in Debug\stm8s_it.o section .text
                                               used in Debug\stm8_interrupt_vector.o
f_NonHandledInterrupt               0000a544   defined in Debug\stm8s_it.o section .text
                                               used in Debug\stm8_interrupt_vector.o
f_SPI_IRQHandler                    0000a54e   defined in Debug\stm8s_it.o section .text
                                               used in Debug\stm8_interrupt_vector.o
f_TIM1_CAP_COM_IRQHandler           0000a550   defined in Debug\stm8s_it.o section .text
                                               used in Debug\stm8_interrupt_vector.o
f_TIM1_UPD_OVF_TRG_BRK_IRQHandler   0000a54f   defined in Debug\stm8s_it.o section .text
                                               used in Debug\stm8_interrupt_vector.o
f_TIM2_CAP_COM_IRQHandler           0000a611   defined in Debug\stm8s_it.o section .text
                                               used in Debug\stm8_interrupt_vector.o
f_TIM2_UPD_OVF_BRK_IRQHandler       0000a551   defined in Debug\stm8s_it.o section .text
                                               used in Debug\stm8_interrupt_vector.o
f_TIM3_CAP_COM_IRQHandler           0000a643   defined in Debug\stm8s_it.o section .text
                                               used in Debug\stm8_interrupt_vector.o
f_TIM3_UPD_OVF_BRK_IRQHandler       0000a612   defined in Debug\stm8s_it.o section .text
                                               used in Debug\stm8_interrupt_vector.o
f_TIM4_UPD_OVF_IRQHandler           0000a6e0   defined in Debug\stm8s_it.o section .text
                                               used in Debug\stm8_interrupt_vector.o
f_TLI_IRQHandler                    0000a546   defined in Debug\stm8s_it.o section .text
                                               used in Debug\stm8_interrupt_vector.o
f_TRAP_IRQHandler                   0000a545   defined in Debug\stm8s_it.o section .text
                                               used in Debug\stm8_interrupt_vector.o
f_UART2_RX_IRQHandler               0000a646   defined in Debug\stm8s_it.o section .text
                                               used in Debug\stm8_interrupt_vector.o
f_UART2_TX_IRQHandler               0000a645   defined in Debug\stm8s_it.o section .text
                                               used in Debug\stm8_interrupt_vector.o
