
Map of Debug\stvd_project.sm8 from link file Debug\stvd_project.lkf - Tue Feb 17 19:42:44 2015


                               --------
                               Segments
                               --------

start 00008080 end 0000818c length   268 segment .const
start 00008195 end 00009acc length  6455 segment .text
start 00009acc end 00009acc length     0 segment .TSL_IO_ALCODE
start 00004000 end 00004000 length     0 segment .eeprom
start 00000000 end 00000001 length     1 segment .bsct, initialized
start 00008194 end 00008195 length     1 segment .bsct, from
start 00000001 end 00000039 length    56 segment .ubsct
start 00000039 end 00000039 length     0 segment .bit
start 00000039 end 00000039 length     0 segment .share
start 00000100 end 00000100 length     0 segment .data
start 00000100 end 00000100 length     0 segment .bss
start 00000000 end 00000796 length  1942 segment .info.
start 00000000 end 00006315 length 25365 segment .debug
start 00008000 end 00008080 length   128 segment .const
start 0000818c end 00008194 length     8 segment .init


                               -------
                               Modules
                               -------

C:\Program Files (x86)\COSMIC\CXSTM8_EVAL\lib\crtsi0.sm8:
start 00008195 end 000081e0 length    75 section .text
start 00000100 end 00000100 length     0 section .bss
start 00000001 end 00000001 length     0 section .ubsct
start 00000000 end 00000030 length    48 section .info.

Debug\stm8s_clk.o:
start 000081e0 end 0000877c length  1436 section .text
start 00000000 end 0000166f length  5743 section .debug
start 00000030 end 000000b6 length   134 section .info.
start 00008080 end 000080c9 length    73 section .const

Debug\stm8s_gpio.o:
start 0000877c end 00008886 length   266 section .text
start 0000166f end 00002079 length  2570 section .debug
start 000000b6 end 0000013d length   135 section .info.
start 000080c9 end 00008107 length    62 section .const

Debug\stm8s_tim3.o:
start 00008886 end 0000900d length  1927 section .text
start 00002079 end 00003e93 length  7706 section .debug
start 0000013d end 000001c4 length   135 section .info.
start 00008107 end 00008145 length    62 section .const

Debug\stm8s_uart2.o:
start 0000900d end 00009683 length  1654 section .text
start 00003e93 end 00005479 length  5606 section .debug
start 000001c4 end 0000024c length   136 section .info.
start 00008145 end 0000818c length    71 section .const

Debug\main.o:
start 00009683 end 000096d1 length    78 section .text
start 00005479 end 000055a3 length   298 section .debug
start 0000024c end 000002cd length   129 section .info.

Debug\modbus.o:
start 000096d1 end 00009812 length   321 section .text
start 000055a3 end 00005a50 length  1197 section .debug
start 000002cd end 00000350 length   131 section .info.

Debug\stm8s_it.o:
start 00009812 end 000098c3 length   177 section .text
start 00000000 end 00000001 length     1 section .bsct
start 00000001 end 0000002f length    46 section .ubsct
start 00005a50 end 000061ef length  1951 section .debug
start 00000350 end 000003d5 length   133 section .info.

(C:\Program Files (x86)\COSMIC\CXSTM8_EVAL\lib\libm0.sm8)lcmp.o:
start 000098c3 end 000098e3 length    32 section .text
start 000003d5 end 00000404 length    47 section .info.

(C:\Program Files (x86)\COSMIC\CXSTM8_EVAL\lib\libm0.sm8)lgsbc.o:
start 000098e3 end 000098f9 length    22 section .text
start 00000404 end 00000434 length    48 section .info.

(C:\Program Files (x86)\COSMIC\CXSTM8_EVAL\lib\libm0.sm8)llsh.o:
start 000098f9 end 00009908 length    15 section .text
start 00000434 end 00000463 length    47 section .info.

(C:\Program Files (x86)\COSMIC\CXSTM8_EVAL\lib\libm0.sm8)lreg.o:
start 0000002f end 00000033 length     4 section .ubsct
start 00000463 end 00000492 length    47 section .info.

(C:\Program Files (x86)\COSMIC\CXSTM8_EVAL\lib\libm0.sm8)lsub.o:
start 00009908 end 00009920 length    24 section .text
start 00000492 end 000004c1 length    47 section .info.

(C:\Program Files (x86)\COSMIC\CXSTM8_EVAL\lib\libm0.sm8)ltor.o:
start 00009920 end 00009932 length    18 section .text
start 000004c1 end 000004f0 length    47 section .info.

(C:\Program Files (x86)\COSMIC\CXSTM8_EVAL\lib\libm0.sm8)ludiv.o:
start 00009932 end 00009946 length    20 section .text
start 000004f0 end 00000520 length    48 section .info.

(C:\Program Files (x86)\COSMIC\CXSTM8_EVAL\lib\libm0.sm8)ldiv.o:
start 00009946 end 00009a31 length   235 section .text
start 00000520 end 0000054f length    47 section .info.

(C:\Program Files (x86)\COSMIC\CXSTM8_EVAL\lib\libm0.sm8)lgneg.o:
start 00009a31 end 00009a44 length    19 section .text
start 0000054f end 0000057f length    48 section .info.

(C:\Program Files (x86)\COSMIC\CXSTM8_EVAL\lib\libm0.sm8)lneg.o:
start 00009a44 end 00009a59 length    21 section .text
start 0000057f end 000005ae length    47 section .info.

(C:\Program Files (x86)\COSMIC\CXSTM8_EVAL\lib\libm0.sm8)lursh.o:
start 00009a59 end 00009a68 length    15 section .text
start 000005ae end 000005de length    48 section .info.

(C:\Program Files (x86)\COSMIC\CXSTM8_EVAL\lib\libm0.sm8)lzmp.o:
start 00009a68 end 00009a7b length    19 section .text
start 000005de end 0000060d length    47 section .info.

(C:\Program Files (x86)\COSMIC\CXSTM8_EVAL\lib\libm0.sm8)rtol.o:
start 00009a7b end 00009a8d length    18 section .text
start 0000060d end 0000063c length    47 section .info.

(C:\Program Files (x86)\COSMIC\CXSTM8_EVAL\lib\libm0.sm8)smul.o:
start 00009a8d end 00009acc length    63 section .text
start 0000063c end 0000066b length    47 section .info.

(C:\Program Files (x86)\COSMIC\CXSTM8_EVAL\lib\libm0.sm8)xreg.o:
start 00000033 end 00000036 length     3 section .ubsct
start 0000066b end 0000069a length    47 section .info.

(C:\Program Files (x86)\COSMIC\CXSTM8_EVAL\lib\libm0.sm8)yreg.o:
start 00000036 end 00000039 length     3 section .ubsct
start 0000069a end 000006c9 length    47 section .info.

Debug\stm8_interrupt_vector.o:
start 000061ef end 00006315 length   294 section .debug
start 000006c9 end 0000075b length   146 section .info.
start 00008000 end 00008080 length   128 section .const


                             -----------
                             Stack usage
                             -----------

Debug\main.o:
_assert_failed                          6   (6)
_main                              >   55   (3)

Debug\modbus.o:
_ByteToHex                         >    8   (8)
_Delay                                  8   (6)
_Delay_Init                            12   (2)
_HexToByte                         >   11   (11)
_Modbus_Init                           52   (2)
_SetDevAddr                             5   (3)
_UART_SendStr                           9   (4)
___checkAddr                            2   (2)
___checkFunc                       >    2   (2)

Debug\stm8s_clk.o:
_CLK_AdjustHSICalibrationValue     >    9   (3)
_CLK_CCOCmd                        >    9   (3)
_CLK_CCOConfig                     >    9   (3)
_CLK_ClearITPendingBit             >    9   (3)
_CLK_ClockSecuritySystemEnable     >    2   (2)
_CLK_ClockSwitchCmd                >    9   (3)
_CLK_ClockSwitchConfig             >   16   (10)
_CLK_DeInit                        >    2   (2)
_CLK_FastHaltWakeUpCmd             >    9   (3)
_CLK_GetClockFreq                      25   (11)
_CLK_GetFlagStatus                 >   13   (7)
_CLK_GetITStatus                   >   10   (4)
_CLK_GetSYSCLKSource               >    2   (2)
_CLK_HSECmd                        >    9   (3)
_CLK_HSICmd                        >    9   (3)
_CLK_HSIPrescalerConfig                 9   (3)
_CLK_ITConfig                      >   10   (4)
_CLK_LSICmd                        >    9   (3)
_CLK_PeripheralClockConfig         >   10   (4)
_CLK_SWIMConfig                    >    9   (3)
_CLK_SYSCLKConfig                  >    9   (3)
_CLK_SYSCLKEmergencyClear          >    2   (2)
_CLK_SlowActiveHaltWakeUpCmd       >    9   (3)

Debug\stm8s_gpio.o:
_GPIO_DeInit                            2   (2)
_GPIO_ExternalPullUpConfig         >   12   (6)
_GPIO_Init                             12   (6)
_GPIO_ReadInputData                >    2   (2)
_GPIO_ReadInputPin                 >    5   (5)
_GPIO_ReadOutputData               >    2   (2)
_GPIO_Write                        >    5   (5)
_GPIO_WriteHigh                         5   (5)
_GPIO_WriteLow                          5   (5)
_GPIO_WriteReverse                      5   (5)

Debug\stm8s_it.o:
f_ADC1_IRQHandler                  >    6   (6)
f_AWU_IRQHandler                   >    6   (6)
f_CLK_IRQHandler                   >    6   (6)
f_EEPROM_EEC_IRQHandler            >    6   (6)
f_EXTI_PORTA_IRQHandler            >    6   (6)
f_EXTI_PORTB_IRQHandler            >    6   (6)
f_EXTI_PORTC_IRQHandler            >    6   (6)
f_EXTI_PORTD_IRQHandler            >    6   (6)
f_EXTI_PORTE_IRQHandler            >    6   (6)
f_I2C_IRQHandler                   >    6   (6)
f_NonHandledInterrupt              >    6   (6)
f_SPI_IRQHandler                   >    6   (6)
f_TIM1_CAP_COM_IRQHandler          >    6   (6)
f_TIM1_UPD_OVF_TRG_BRK_IRQHandler  >    6   (6)
f_TIM2_CAP_COM_IRQHandler          >    6   (6)
f_TIM2_UPD_OVF_BRK_IRQHandler      >    6   (6)
f_TIM3_CAP_COM_IRQHandler          >    6   (6)
f_TIM3_UPD_OVF_BRK_IRQHandler      >   21   (12)
f_TIM4_UPD_OVF_IRQHandler          >    6   (6)
f_TLI_IRQHandler                   >    6   (6)
f_TRAP_IRQHandler                  >    6   (6)
f_UART2_RX_IRQHandler              >   23   (13)
f_UART2_TX_IRQHandler              >    6   (6)

Debug\stm8s_tim3.o:
L3_TI1_Config                           6   (6)
L5_TI2_Config                           6   (6)
_TIM3_ARRPreloadConfig             >    9   (3)
_TIM3_CCxCmd                       >   10   (4)
_TIM3_ClearFlag                    >   10   (4)
_TIM3_ClearITPendingBit                 9   (3)
_TIM3_Cmd                               9   (3)
_TIM3_DeInit                            2   (2)
_TIM3_ForcedOC1Config              >    9   (3)
_TIM3_ForcedOC2Config              >    9   (3)
_TIM3_GenerateEvent                >    9   (3)
_TIM3_GetCapture1                  >    6   (6)
_TIM3_GetCapture2                  >    6   (6)
_TIM3_GetCounter                   >    4   (4)
_TIM3_GetFlagStatus                >   12   (6)
_TIM3_GetITStatus                  >   11   (5)
_TIM3_GetPrescaler                 >    2   (2)
_TIM3_ICInit                       >   16   (7)
_TIM3_ITConfig                         10   (4)
_TIM3_OC1Init                      >   14   (8)
_TIM3_OC1PolarityConfig            >    9   (3)
_TIM3_OC1PreloadConfig             >    9   (3)
_TIM3_OC2Init                      >   14   (8)
_TIM3_OC2PolarityConfig            >    9   (3)
_TIM3_OC2PreloadConfig             >    9   (3)
_TIM3_PWMIConfig                   >   18   (9)
_TIM3_PrescalerConfig              >   10   (4)
_TIM3_SelectOCxM                   >   10   (4)
_TIM3_SelectOnePulseMode           >    9   (3)
_TIM3_SetAutoreload                >    2   (2)
_TIM3_SetCompare1                  >    2   (2)
_TIM3_SetCompare2                  >    2   (2)
_TIM3_SetCounter                   >    2   (2)
_TIM3_SetIC1Prescaler                   9   (3)
_TIM3_SetIC2Prescaler                   9   (3)
_TIM3_TimeBaseInit                      5   (5)
_TIM3_UpdateDisableConfig          >    9   (3)
_TIM3_UpdateRequestConfig          >    9   (3)

Debug\stm8s_uart2.o:
_UART2_ClearFlag                   >   10   (4)
_UART2_ClearITPendingBit               10   (4)
_UART2_Cmd                              2   (2)
_UART2_DeInit                           2   (2)
_UART2_GetFlagStatus               >   11   (5)
_UART2_GetITStatus                 >   12   (6)
_UART2_ITConfig                        13   (7)
_UART2_Init                            50   (25)
_UART2_IrDACmd                     >    9   (3)
_UART2_IrDAConfig                  >    9   (3)
_UART2_LINBreakDetectionConfig     >    9   (3)
_UART2_LINCmd                      >    9   (3)
_UART2_LINConfig                   >   11   (5)
_UART2_ReceiveData8                     2   (2)
_UART2_ReceiveData9                >    4   (4)
_UART2_ReceiverWakeUpCmd           >    9   (3)
_UART2_SendBreak                   >    2   (2)
_UART2_SendData8                        2   (2)
_UART2_SendData9                   >    4   (4)
_UART2_SetAddress                  >    9   (3)
_UART2_SetGuardTime                >    2   (2)
_UART2_SetPrescaler                >    2   (2)
_UART2_SmartCardCmd                >    9   (3)
_UART2_SmartCardNACKCmd            >    9   (3)
_UART2_WakeUpConfig                >    9   (3)

Stack size: 78


                              ---------
                              Call tree
                              ---------
   1 > _ByteToHex: (8)

   2 > _CLK_AdjustHSICalibrationValue: (3)
   3      + _assert_failed: (6)
       
   4 > _CLK_CCOCmd: (3)
   5      + _assert_failed --> 3
       
   6 > _CLK_CCOConfig: (3)
   7      + _assert_failed --> 3
       
   8 > _CLK_ClearITPendingBit: (3)
   9      + _assert_failed --> 3
       
  10 > _CLK_ClockSecuritySystemEnable: (2)

  11 > _CLK_ClockSwitchCmd: (3)
  12      + _assert_failed --> 3
       
  13 > _CLK_ClockSwitchConfig: (10)
  14      + _assert_failed --> 3
       
  15 > _CLK_DeInit: (2)

  16 > _CLK_FastHaltWakeUpCmd: (3)
  17      + _assert_failed --> 3
       
  18 > _CLK_GetFlagStatus: (7)
  19      + _assert_failed --> 3
       
  20 > _CLK_GetITStatus: (4)
  21      + _assert_failed --> 3
       
  22 > _CLK_GetSYSCLKSource: (2)

  23 > _CLK_HSECmd: (3)
  24      + _assert_failed --> 3
       
  25 > _CLK_HSICmd: (3)
  26      + _assert_failed --> 3
       
  27 > _CLK_ITConfig: (4)
  28      + _assert_failed --> 3
       
  29 > _CLK_LSICmd: (3)
  30      + _assert_failed --> 3
       
  31 > _CLK_PeripheralClockConfig: (4)
  32      + _assert_failed --> 3
       
  33 > _CLK_SWIMConfig: (3)
  34      + _assert_failed --> 3
       
  35 > _CLK_SYSCLKConfig: (3)
  36      + _assert_failed --> 3
       
  37 > _CLK_SYSCLKEmergencyClear: (2)

  38 > _CLK_SlowActiveHaltWakeUpCmd: (3)
  39      + _assert_failed --> 3
       
  40 > _GPIO_ExternalPullUpConfig: (6)
  41      + _assert_failed --> 3
       
  42 > _GPIO_ReadInputData: (2)

  43 > _GPIO_ReadInputPin: (5)

  44 > _GPIO_ReadOutputData: (2)

  45 > _GPIO_Write: (5)

  46 > _HexToByte: (11)

  47 > _TIM3_ARRPreloadConfig: (3)
  48      + _assert_failed --> 3
       
  49 > _TIM3_CCxCmd: (4)
  50      + _assert_failed --> 3
       
  51 > _TIM3_ClearFlag: (4)
  52      + _assert_failed --> 3
       
  53 > _TIM3_ForcedOC1Config: (3)
  54      + _assert_failed --> 3
       
  55 > _TIM3_ForcedOC2Config: (3)
  56      + _assert_failed --> 3
       
  57 > _TIM3_GenerateEvent: (3)
  58      + _assert_failed --> 3
       
  59 > _TIM3_GetCapture1: (6)

  60 > _TIM3_GetCapture2: (6)

  61 > _TIM3_GetCounter: (4)

  62 > _TIM3_GetFlagStatus: (6)
  63      + _assert_failed --> 3
       
  64 > _TIM3_GetITStatus: (5)
  65      + _assert_failed --> 3
       
  66 > _TIM3_GetPrescaler: (2)

  67 > _TIM3_ICInit: (7)
  68      + L3_TI1_Config: (6)
  69      + L5_TI2_Config: (6)
  70      + _TIM3_SetIC1Prescaler: (3)
  71      |    + _assert_failed --> 3
          | 
  72      + _TIM3_SetIC2Prescaler: (3)
  73      |    + _assert_failed --> 3
          | 
  74      + _assert_failed --> 3
       
  75 > _TIM3_OC1Init: (8)
  76      + _assert_failed --> 3
       
  77 > _TIM3_OC1PolarityConfig: (3)
  78      + _assert_failed --> 3
       
  79 > _TIM3_OC1PreloadConfig: (3)
  80      + _assert_failed --> 3
       
  81 > _TIM3_OC2Init: (8)
  82      + _assert_failed --> 3
       
  83 > _TIM3_OC2PolarityConfig: (3)
  84      + _assert_failed --> 3
       
  85 > _TIM3_OC2PreloadConfig: (3)
  86      + _assert_failed --> 3
       
  87 > _TIM3_PWMIConfig: (9)
  88      + L3_TI1_Config --> 68
  89      + L5_TI2_Config --> 69
  90      + _TIM3_SetIC1Prescaler --> 70
  91      + _TIM3_SetIC2Prescaler --> 72
  92      + _assert_failed --> 3
       
  93 > _TIM3_PrescalerConfig: (4)
  94      + _assert_failed --> 3
       
  95 > _TIM3_SelectOCxM: (4)
  96      + _assert_failed --> 3
       
  97 > _TIM3_SelectOnePulseMode: (3)
  98      + _assert_failed --> 3
       
  99 > _TIM3_SetAutoreload: (2)

 100 > _TIM3_SetCompare1: (2)

 101 > _TIM3_SetCompare2: (2)

 102 > _TIM3_SetCounter: (2)

 103 > _TIM3_UpdateDisableConfig: (3)
 104      + _assert_failed --> 3
       
 105 > _TIM3_UpdateRequestConfig: (3)
 106      + _assert_failed --> 3
       
 107 > _UART2_ClearFlag: (4)
 108      + _assert_failed --> 3
       
 109 > _UART2_GetFlagStatus: (5)
 110      + _assert_failed --> 3
       
 111 > _UART2_GetITStatus: (6)
 112      + _assert_failed --> 3
       
 113 > _UART2_IrDACmd: (3)
 114      + _assert_failed --> 3
       
 115 > _UART2_IrDAConfig: (3)
 116      + _assert_failed --> 3
       
 117 > _UART2_LINBreakDetectionConfig: (3)
 118      + _assert_failed --> 3
       
 119 > _UART2_LINCmd: (3)
 120      + _assert_failed --> 3
       
 121 > _UART2_LINConfig: (5)
 122      + _assert_failed --> 3
       
 123 > _UART2_ReceiveData9: (4)

 124 > _UART2_ReceiverWakeUpCmd: (3)
 125      + _assert_failed --> 3
       
 126 > _UART2_SendBreak: (2)

 127 > _UART2_SendData9: (4)

 128 > _UART2_SetAddress: (3)
 129      + _assert_failed --> 3
       
 130 > _UART2_SetGuardTime: (2)

 131 > _UART2_SetPrescaler: (2)

 132 > _UART2_SmartCardCmd: (3)
 133      + _assert_failed --> 3
       
 134 > _UART2_SmartCardNACKCmd: (3)
 135      + _assert_failed --> 3
       
 136 > _UART2_WakeUpConfig: (3)
 137      + _assert_failed --> 3
       
 138 > ___checkFunc: (2)

 139 > __stext: (0)

 140 > _main: (3)
 141      + _Delay: (6)
 142      + _Delay_Init: (2)
 143      |    + _TIM3_Cmd: (3)
 144      |    |    + _assert_failed --> 3
          |    | 
 145      |    + _TIM3_DeInit: (2)
 146      |    + _TIM3_ITConfig: (4)
 147      |    |    + _assert_failed --> 3
          |    | 
 148      |    + _TIM3_TimeBaseInit: (5)
          | 
 149      + _GPIO_DeInit: (2)
 150      + _GPIO_Init: (6)
 151      |    + _assert_failed --> 3
          | 
 152      + _GPIO_WriteReverse: (5)
 153      + _Modbus_Init: (2)
 154      |    + _CLK_HSIPrescalerConfig: (3)
 155      |    |    + _assert_failed --> 3
          |    | 
 156      |    + _GPIO_DeInit --> 149
 157      |    + _GPIO_Init --> 150
 158      |    + _UART2_Cmd: (2)
 159      |    + _UART2_DeInit: (2)
 160      |    + _UART2_ITConfig: (7)
 161      |    |    + _assert_failed --> 3
          |    | 
 162      |    + _UART2_Init: (25)
 163      |    |    + _CLK_GetClockFreq: (11)
 164      |    |    + _assert_failed --> 3
          |    | 
          | 
 165      + _SetDevAddr: (3)
 166      |    + ___checkAddr: (2)
          | 
 167      + _UART_SendStr: (4)
 168      |    + _GPIO_WriteHigh: (5)
 169      |    + _GPIO_WriteLow: (5)
 170      |    + _UART2_SendData8: (2)
          | 
       
 171 > f_ADC1_IRQHandler: (6)

 172 > f_AWU_IRQHandler: (6)

 173 > f_CLK_IRQHandler: (6)

 174 > f_EEPROM_EEC_IRQHandler: (6)

 175 > f_EXTI_PORTA_IRQHandler: (6)

 176 > f_EXTI_PORTB_IRQHandler: (6)

 177 > f_EXTI_PORTC_IRQHandler: (6)

 178 > f_EXTI_PORTD_IRQHandler: (6)

 179 > f_EXTI_PORTE_IRQHandler: (6)

 180 > f_I2C_IRQHandler: (6)

 181 > f_NonHandledInterrupt: (6)

 182 > f_SPI_IRQHandler: (6)

 183 > f_TIM1_CAP_COM_IRQHandler: (6)

 184 > f_TIM1_UPD_OVF_TRG_BRK_IRQHandler: (6)

 185 > f_TIM2_CAP_COM_IRQHandler: (6)

 186 > f_TIM2_UPD_OVF_BRK_IRQHandler: (6)

 187 > f_TIM3_CAP_COM_IRQHandler: (6)

 188 > f_TIM3_UPD_OVF_BRK_IRQHandler: (12)
 189      + _TIM3_ClearITPendingBit: (3)
 190      |    + _assert_failed --> 3
          | 
       
 191 > f_TIM4_UPD_OVF_IRQHandler: (6)

 192 > f_TLI_IRQHandler: (6)

 193 > f_TRAP_IRQHandler: (6)

 194 > f_UART2_RX_IRQHandler: (13)
 195      + _UART2_ClearITPendingBit: (4)
 196      |    + _assert_failed --> 3
          | 
 197      + _UART2_ReceiveData8: (2)
       
 198 > f_UART2_TX_IRQHandler: (6)

 199   L3_TI1_Config --> 68

 200   L5_TI2_Config --> 69

 201   _CLK_GetClockFreq --> 163

 202   _CLK_HSIPrescalerConfig --> 154

 203   _Delay --> 141

 204   _Delay_Init --> 142

 205   _GPIO_DeInit --> 149

 206   _GPIO_Init --> 150

 207   _GPIO_WriteHigh --> 168

 208   _GPIO_WriteLow --> 169

 209   _GPIO_WriteReverse --> 152

 210   _Modbus_Init --> 153

 211   _SetDevAddr --> 165

 212   _TIM3_ClearITPendingBit --> 189

 213   _TIM3_Cmd --> 143

 214   _TIM3_DeInit --> 145

 215   _TIM3_ITConfig --> 146

 216   _TIM3_SetIC1Prescaler --> 70

 217   _TIM3_SetIC2Prescaler --> 72

 218   _TIM3_TimeBaseInit --> 148

 219   _UART2_ClearITPendingBit --> 195

 220   _UART2_Cmd --> 158

 221   _UART2_DeInit --> 159

 222   _UART2_ITConfig --> 160

 223   _UART2_Init --> 162

 224   _UART2_ReceiveData8 --> 197

 225   _UART2_SendData8 --> 170

 226   _UART_SendStr --> 167

 227   ___checkAddr --> 166

 228   _assert_failed --> 3



                               -------
                               Symbols
                               -------

_Address                            00000001   defined in Debug\stm8s_it.o section .ubsct
                                               used in Debug\modbus.o
_ByteToHex                          00009760   defined in Debug\modbus.o section .text
_CLKPrescTable                      00008084   defined in Debug\stm8s_clk.o section .const
_CLK_AdjustHSICalibrationValue      0000865b   defined in Debug\stm8s_clk.o section .text
_CLK_CCOCmd                         000082aa   defined in Debug\stm8s_clk.o section .text
_CLK_CCOConfig                      000084b7   defined in Debug\stm8s_clk.o section .text
_CLK_ClearITPendingBit              00008753   defined in Debug\stm8s_clk.o section .text
_CLK_ClockSecuritySystemEnable      000085f1   defined in Debug\stm8s_clk.o section .text
_CLK_ClockSwitchCmd                 000082cf   defined in Debug\stm8s_clk.o section .text
_CLK_ClockSwitchConfig              000083b7   defined in Debug\stm8s_clk.o section .text
_CLK_DeInit                         000081e0   defined in Debug\stm8s_clk.o section .text
_CLK_FastHaltWakeUpCmd              00008216   defined in Debug\stm8s_clk.o section .text
_CLK_GetClockFreq                   000085fa   defined in Debug\stm8s_clk.o section .text
                                               used in Debug\stm8s_uart2.o
_CLK_GetFlagStatus                  0000869a   defined in Debug\stm8s_clk.o section .text
_CLK_GetITStatus                    0000871a   defined in Debug\stm8s_clk.o section .text
_CLK_GetSYSCLKSource                000085f6   defined in Debug\stm8s_clk.o section .text
_CLK_HSECmd                         0000823b   defined in Debug\stm8s_clk.o section .text
_CLK_HSICmd                         00008260   defined in Debug\stm8s_clk.o section .text
_CLK_HSIPrescalerConfig             00008487   defined in Debug\stm8s_clk.o section .text
                                               used in Debug\modbus.o
_CLK_ITConfig                       0000850f   defined in Debug\stm8s_clk.o section .text
_CLK_LSICmd                         00008285   defined in Debug\stm8s_clk.o section .text
_CLK_PeripheralClockConfig          00008319   defined in Debug\stm8s_clk.o section .text
_CLK_SWIMConfig                     000085cc   defined in Debug\stm8s_clk.o section .text
_CLK_SYSCLKConfig                   00008568   defined in Debug\stm8s_clk.o section .text
_CLK_SYSCLKEmergencyClear           00008695   defined in Debug\stm8s_clk.o section .text
_CLK_SlowActiveHaltWakeUpCmd        000082f4   defined in Debug\stm8s_clk.o section .text
_Delay                              0000974f   defined in Debug\modbus.o section .text
                                               used in Debug\main.o
_Delay_Init                         00009737   defined in Debug\modbus.o section .text
                                               used in Debug\main.o
_GPIO_DeInit                        0000877c   defined in Debug\stm8s_gpio.o section .text
                                               used in Debug\main.o
                                                       Debug\modbus.o
_GPIO_ExternalPullUpConfig          0000884d   defined in Debug\stm8s_gpio.o section .text
_GPIO_Init                          00008784   defined in Debug\stm8s_gpio.o section .text
                                               used in Debug\main.o
                                                       Debug\modbus.o
_GPIO_ReadInputData                 00008843   defined in Debug\stm8s_gpio.o section .text
_GPIO_ReadInputPin                  00008846   defined in Debug\stm8s_gpio.o section .text
_GPIO_ReadOutputData                00008841   defined in Debug\stm8s_gpio.o section .text
_GPIO_Write                         00008823   defined in Debug\stm8s_gpio.o section .text
_GPIO_WriteHigh                     0000882b   defined in Debug\stm8s_gpio.o section .text
                                               used in Debug\modbus.o
_GPIO_WriteLow                      00008832   defined in Debug\stm8s_gpio.o section .text
                                               used in Debug\modbus.o
_GPIO_WriteReverse                  0000883a   defined in Debug\stm8s_gpio.o section .text
                                               used in Debug\main.o
_HSIDivFactor                       00008080   defined in Debug\stm8s_clk.o section .const
_HexToByte                          00009798   defined in Debug\modbus.o section .text
_Modbus_Init                        000096fa   defined in Debug\modbus.o section .text
                                               used in Debug\main.o
_STATUS_BIT                         00000000   defined in Debug\stm8s_it.o section .bsct, initialized
_SetDevAddr                         00009806   defined in Debug\modbus.o section .text
                                               used in Debug\main.o
_TIM3_ARRPreloadConfig              00008c9b   defined in Debug\stm8s_tim3.o section .text
_TIM3_CCxCmd                        00008d6f   defined in Debug\stm8s_tim3.o section .text
_TIM3_ClearFlag                     00008f2a   defined in Debug\stm8s_tim3.o section .text
_TIM3_ClearITPendingBit             00008f8f   defined in Debug\stm8s_tim3.o section .text
                                               used in Debug\stm8s_it.o
_TIM3_Cmd                           00008b18   defined in Debug\stm8s_tim3.o section .text
                                               used in Debug\modbus.o
_TIM3_DeInit                        00008886   defined in Debug\stm8s_tim3.o section .text
                                               used in Debug\modbus.o
_TIM3_ForcedOC1Config               00008c55   defined in Debug\stm8s_tim3.o section .text
_TIM3_ForcedOC2Config               00008c78   defined in Debug\stm8s_tim3.o section .text
_TIM3_GenerateEvent                 00008d0a   defined in Debug\stm8s_tim3.o section .text
_TIM3_GetCapture1                   00008e94   defined in Debug\stm8s_tim3.o section .text
_TIM3_GetCapture2                   00008eb1   defined in Debug\stm8s_tim3.o section .text
_TIM3_GetCounter                    00008ece   defined in Debug\stm8s_tim3.o section .text
_TIM3_GetFlagStatus                 00008eea   defined in Debug\stm8s_tim3.o section .text
_TIM3_GetITStatus                   00008f55   defined in Debug\stm8s_tim3.o section .text
_TIM3_GetPrescaler                  00008ee6   defined in Debug\stm8s_tim3.o section .text
_TIM3_ICInit                        000089d1   defined in Debug\stm8s_tim3.o section .text
_TIM3_ITConfig                      00008b3d   defined in Debug\stm8s_tim3.o section .text
                                               used in Debug\modbus.o
_TIM3_OC1Init                       000088db   defined in Debug\stm8s_tim3.o section .text
_TIM3_OC1PolarityConfig             00008d23   defined in Debug\stm8s_tim3.o section .text
_TIM3_OC1PreloadConfig              00008cc0   defined in Debug\stm8s_tim3.o section .text
_TIM3_OC2Init                       00008956   defined in Debug\stm8s_tim3.o section .text
_TIM3_OC2PolarityConfig             00008d49   defined in Debug\stm8s_tim3.o section .text
_TIM3_OC2PreloadConfig              00008ce5   defined in Debug\stm8s_tim3.o section .text
_TIM3_PWMIConfig                    00008a58   defined in Debug\stm8s_tim3.o section .text
_TIM3_PrescalerConfig               00008bea   defined in Debug\stm8s_tim3.o section .text
_TIM3_SelectOCxM                    00008db9   defined in Debug\stm8s_tim3.o section .text
_TIM3_SelectOnePulseMode            00008bc4   defined in Debug\stm8s_tim3.o section .text
_TIM3_SetAutoreload                 00008e25   defined in Debug\stm8s_tim3.o section .text
_TIM3_SetCompare1                   00008e2e   defined in Debug\stm8s_tim3.o section .text
_TIM3_SetCompare2                   00008e37   defined in Debug\stm8s_tim3.o section .text
_TIM3_SetCounter                    00008e1c   defined in Debug\stm8s_tim3.o section .text
_TIM3_SetIC1Prescaler               00008e40   defined in Debug\stm8s_tim3.o section .text
_TIM3_SetIC2Prescaler               00008e6a   defined in Debug\stm8s_tim3.o section .text
_TIM3_TimeBaseInit                  000088cb   defined in Debug\stm8s_tim3.o section .text
                                               used in Debug\modbus.o
_TIM3_UpdateDisableConfig           00008b7a   defined in Debug\stm8s_tim3.o section .text
_TIM3_UpdateRequestConfig           00008b9f   defined in Debug\stm8s_tim3.o section .text
_TimmingDelay                       0000002b   defined in Debug\stm8s_it.o section .ubsct
                                               used in Debug\modbus.o
_UART2_ClearFlag                    00009549   defined in Debug\stm8s_uart2.o section .text
_UART2_ClearITPendingBit            00009647   defined in Debug\stm8s_uart2.o section .text
                                               used in Debug\stm8s_it.o
_UART2_Cmd                          000091fa   defined in Debug\stm8s_uart2.o section .text
                                               used in Debug\modbus.o
_UART2_DeInit                       0000900d   defined in Debug\stm8s_uart2.o section .text
                                               used in Debug\modbus.o
_UART2_GetFlagStatus                000094bd   defined in Debug\stm8s_uart2.o section .text
_UART2_GetITStatus                  00009595   defined in Debug\stm8s_uart2.o section .text
_UART2_ITConfig                     00009207   defined in Debug\stm8s_uart2.o section .text
                                               used in Debug\modbus.o
_UART2_Init                         00009034   defined in Debug\stm8s_uart2.o section .text
                                               used in Debug\modbus.o
_UART2_IrDACmd                      000092ee   defined in Debug\stm8s_uart2.o section .text
_UART2_IrDAConfig                   000092c8   defined in Debug\stm8s_uart2.o section .text
_UART2_LINBreakDetectionConfig      00009313   defined in Debug\stm8s_uart2.o section .text
_UART2_LINCmd                       00009398   defined in Debug\stm8s_uart2.o section .text
_UART2_LINConfig                    00009338   defined in Debug\stm8s_uart2.o section .text
_UART2_ReceiveData8                 00009450   defined in Debug\stm8s_uart2.o section .text
                                               used in Debug\stm8s_it.o
_UART2_ReceiveData9                 00009454   defined in Debug\stm8s_uart2.o section .text
_UART2_ReceiverWakeUpCmd            0000942b   defined in Debug\stm8s_uart2.o section .text
_UART2_SendBreak                    0000948b   defined in Debug\stm8s_uart2.o section .text
_UART2_SendData8                    00009470   defined in Debug\stm8s_uart2.o section .text
                                               used in Debug\modbus.o
_UART2_SendData9                    00009474   defined in Debug\stm8s_uart2.o section .text
_UART2_SetAddress                   00009490   defined in Debug\stm8s_uart2.o section .text
_UART2_SetGuardTime                 000094b5   defined in Debug\stm8s_uart2.o section .text
_UART2_SetPrescaler                 000094b9   defined in Debug\stm8s_uart2.o section .text
_UART2_SmartCardCmd                 000093bd   defined in Debug\stm8s_uart2.o section .text
_UART2_SmartCardNACKCmd             000093e2   defined in Debug\stm8s_uart2.o section .text
_UART2_WakeUpConfig                 00009407   defined in Debug\stm8s_uart2.o section .text
_UART_SendStr                       000096d1   defined in Debug\modbus.o section .text
                                               used in Debug\main.o
___checkAddr                        000097e6   defined in Debug\modbus.o section .text
___checkFunc                        000097e9   defined in Debug\modbus.o section .text
__endmem                            000005ff   defined in command file
                                               *** not used ***
__endzp                             00000039   defined in command file section .ubsct
                                               used in C:\Program Files (x86)\COSMIC\CXSTM8_EVAL\lib\crtsi0.sm8
__idesc__                           0000818c   defined in linker section .init
                                               used in C:\Program Files (x86)\COSMIC\CXSTM8_EVAL\lib\crtsi0.sm8
__memory                            00000100   defined in command file section .bss
                                               used in C:\Program Files (x86)\COSMIC\CXSTM8_EVAL\lib\crtsi0.sm8
__stack                             000007ff   defined in command file
                                               used in C:\Program Files (x86)\COSMIC\CXSTM8_EVAL\lib\crtsi0.sm8
__startmem                          00000100   defined in command file section .bss
                                               *** not used ***
__stext                             00008195   defined in C:\Program Files (x86)\COSMIC\CXSTM8_EVAL\lib\crtsi0.sm8 section .text
                                               used in Debug\stm8_interrupt_vector.o
__vectab                            00008000   defined in Debug\stm8_interrupt_vector.o section .const
_assert_failed                      000096cf   defined in Debug\main.o section .text
                                               used in Debug\stm8s_clk.o
                                                       Debug\stm8s_gpio.o
                                                       Debug\stm8s_tim3.o
                                                       Debug\stm8s_uart2.o
_buffer                             00000017   defined in Debug\stm8s_it.o section .ubsct
_counter                            00000002   defined in Debug\stm8s_it.o section .ubsct
_exit                               000081de   defined in C:\Program Files (x86)\COSMIC\CXSTM8_EVAL\lib\crtsi0.sm8 section .text
_main                               00009683   defined in Debug\main.o section .text
                                               used in C:\Program Files (x86)\COSMIC\CXSTM8_EVAL\lib\crtsi0.sm8
_word                               00000003   defined in Debug\stm8s_it.o section .ubsct
                                               used in Debug\main.o
c_divsl                             00009946   defined in (C:\Program Files (x86)\COSMIC\CXSTM8_EVAL\lib\libm0.sm8)ldiv.o section .text
                                               *** not used ***
c_divul                             0000995d   defined in (C:\Program Files (x86)\COSMIC\CXSTM8_EVAL\lib\libm0.sm8)ldiv.o section .text
                                               used in (C:\Program Files (x86)\COSMIC\CXSTM8_EVAL\lib\libm0.sm8)ludiv.o
c_lcmp                              000098c3   defined in (C:\Program Files (x86)\COSMIC\CXSTM8_EVAL\lib\libm0.sm8)lcmp.o section .text
                                               used in Debug\stm8s_uart2.o
c_lgneg                             00009a31   defined in (C:\Program Files (x86)\COSMIC\CXSTM8_EVAL\lib\libm0.sm8)lgneg.o section .text
                                               used in (C:\Program Files (x86)\COSMIC\CXSTM8_EVAL\lib\libm0.sm8)ldiv.o
c_lgsbc                             000098e3   defined in (C:\Program Files (x86)\COSMIC\CXSTM8_EVAL\lib\libm0.sm8)lgsbc.o section .text
                                               used in Debug\stm8s_it.o
c_llsh                              000098f9   defined in (C:\Program Files (x86)\COSMIC\CXSTM8_EVAL\lib\libm0.sm8)llsh.o section .text
                                               used in Debug\stm8s_uart2.o
c_lneg                              00009a44   defined in (C:\Program Files (x86)\COSMIC\CXSTM8_EVAL\lib\libm0.sm8)lneg.o section .text
                                               used in (C:\Program Files (x86)\COSMIC\CXSTM8_EVAL\lib\libm0.sm8)ldiv.o
c_lreg                              0000002f   defined in (C:\Program Files (x86)\COSMIC\CXSTM8_EVAL\lib\libm0.sm8)lreg.o section .ubsct
                                               used in Debug\stm8s_clk.o
                                                       Debug\stm8s_uart2.o
                                                       (C:\Program Files (x86)\COSMIC\CXSTM8_EVAL\lib\libm0.sm8)lcmp.o
                                                       (C:\Program Files (x86)\COSMIC\CXSTM8_EVAL\lib\libm0.sm8)llsh.o
                                                       (C:\Program Files (x86)\COSMIC\CXSTM8_EVAL\lib\libm0.sm8)lsub.o
                                                       (C:\Program Files (x86)\COSMIC\CXSTM8_EVAL\lib\libm0.sm8)ltor.o
                                                       (C:\Program Files (x86)\COSMIC\CXSTM8_EVAL\lib\libm0.sm8)ldiv.o
                                                       (C:\Program Files (x86)\COSMIC\CXSTM8_EVAL\lib\libm0.sm8)lneg.o
                                                       (C:\Program Files (x86)\COSMIC\CXSTM8_EVAL\lib\libm0.sm8)lursh.o
                                                       (C:\Program Files (x86)\COSMIC\CXSTM8_EVAL\lib\libm0.sm8)rtol.o
                                                       (C:\Program Files (x86)\COSMIC\CXSTM8_EVAL\lib\libm0.sm8)smul.o
c_lsub                              00009908   defined in (C:\Program Files (x86)\COSMIC\CXSTM8_EVAL\lib\libm0.sm8)lsub.o section .text
                                               used in Debug\stm8s_uart2.o
c_ltor                              00009920   defined in (C:\Program Files (x86)\COSMIC\CXSTM8_EVAL\lib\libm0.sm8)ltor.o section .text
                                               used in Debug\stm8s_clk.o
                                                       Debug\stm8s_uart2.o
c_ludv                              00009932   defined in (C:\Program Files (x86)\COSMIC\CXSTM8_EVAL\lib\libm0.sm8)ludiv.o section .text
                                               used in Debug\stm8s_clk.o
                                                       Debug\stm8s_uart2.o
c_lursh                             00009a59   defined in (C:\Program Files (x86)\COSMIC\CXSTM8_EVAL\lib\libm0.sm8)lursh.o section .text
                                               used in Debug\stm8s_uart2.o
c_lzmp                              00009a68   defined in (C:\Program Files (x86)\COSMIC\CXSTM8_EVAL\lib\libm0.sm8)lzmp.o section .text
                                               used in Debug\modbus.o
                                                       Debug\stm8s_it.o
c_rtol                              00009a7b   defined in (C:\Program Files (x86)\COSMIC\CXSTM8_EVAL\lib\libm0.sm8)rtol.o section .text
                                               used in Debug\stm8s_clk.o
                                                       Debug\stm8s_uart2.o
c_smul                              00009a8d   defined in (C:\Program Files (x86)\COSMIC\CXSTM8_EVAL\lib\libm0.sm8)smul.o section .text
                                               used in Debug\stm8s_uart2.o
c_x                                 00000033   defined in (C:\Program Files (x86)\COSMIC\CXSTM8_EVAL\lib\libm0.sm8)xreg.o section .ubsct
                                               used in C:\Program Files (x86)\COSMIC\CXSTM8_EVAL\lib\crtsi0.sm8
                                                       Debug\stm8s_it.o
                                                       (C:\Program Files (x86)\COSMIC\CXSTM8_EVAL\lib\libm0.sm8)ldiv.o
c_y                                 00000036   defined in (C:\Program Files (x86)\COSMIC\CXSTM8_EVAL\lib\libm0.sm8)yreg.o section .ubsct
                                               used in C:\Program Files (x86)\COSMIC\CXSTM8_EVAL\lib\crtsi0.sm8
                                                       Debug\stm8s_it.o
f_ADC1_IRQHandler                   000098c0   defined in Debug\stm8s_it.o section .text
                                               used in Debug\stm8_interrupt_vector.o
f_AWU_IRQHandler                    00009815   defined in Debug\stm8s_it.o section .text
                                               used in Debug\stm8_interrupt_vector.o
f_CLK_IRQHandler                    00009816   defined in Debug\stm8s_it.o section .text
                                               used in Debug\stm8_interrupt_vector.o
f_EEPROM_EEC_IRQHandler             000098c2   defined in Debug\stm8s_it.o section .text
                                               used in Debug\stm8_interrupt_vector.o
f_EXTI_PORTA_IRQHandler             00009817   defined in Debug\stm8s_it.o section .text
                                               used in Debug\stm8_interrupt_vector.o
f_EXTI_PORTB_IRQHandler             00009818   defined in Debug\stm8s_it.o section .text
                                               used in Debug\stm8_interrupt_vector.o
f_EXTI_PORTC_IRQHandler             00009819   defined in Debug\stm8s_it.o section .text
                                               used in Debug\stm8_interrupt_vector.o
f_EXTI_PORTD_IRQHandler             0000981a   defined in Debug\stm8s_it.o section .text
                                               used in Debug\stm8_interrupt_vector.o
f_EXTI_PORTE_IRQHandler             0000981b   defined in Debug\stm8s_it.o section .text
                                               used in Debug\stm8_interrupt_vector.o
f_I2C_IRQHandler                    00009853   defined in Debug\stm8s_it.o section .text
                                               used in Debug\stm8_interrupt_vector.o
f_NonHandledInterrupt               00009812   defined in Debug\stm8s_it.o section .text
                                               used in Debug\stm8_interrupt_vector.o
f_SPI_IRQHandler                    0000981c   defined in Debug\stm8s_it.o section .text
                                               used in Debug\stm8_interrupt_vector.o
f_TIM1_CAP_COM_IRQHandler           0000981e   defined in Debug\stm8s_it.o section .text
                                               used in Debug\stm8_interrupt_vector.o
f_TIM1_UPD_OVF_TRG_BRK_IRQHandler   0000981d   defined in Debug\stm8s_it.o section .text
                                               used in Debug\stm8_interrupt_vector.o
f_TIM2_CAP_COM_IRQHandler           00009820   defined in Debug\stm8s_it.o section .text
                                               used in Debug\stm8_interrupt_vector.o
f_TIM2_UPD_OVF_BRK_IRQHandler       0000981f   defined in Debug\stm8s_it.o section .text
                                               used in Debug\stm8_interrupt_vector.o
f_TIM3_CAP_COM_IRQHandler           00009852   defined in Debug\stm8s_it.o section .text
                                               used in Debug\stm8_interrupt_vector.o
f_TIM3_UPD_OVF_BRK_IRQHandler       00009821   defined in Debug\stm8s_it.o section .text
                                               used in Debug\stm8_interrupt_vector.o
f_TIM4_UPD_OVF_IRQHandler           000098c1   defined in Debug\stm8s_it.o section .text
                                               used in Debug\stm8_interrupt_vector.o
f_TLI_IRQHandler                    00009814   defined in Debug\stm8s_it.o section .text
                                               used in Debug\stm8_interrupt_vector.o
f_TRAP_IRQHandler                   00009813   defined in Debug\stm8s_it.o section .text
                                               used in Debug\stm8_interrupt_vector.o
f_UART2_RX_IRQHandler               00009855   defined in Debug\stm8s_it.o section .text
                                               used in Debug\stm8_interrupt_vector.o
f_UART2_TX_IRQHandler               00009854   defined in Debug\stm8s_it.o section .text
                                               used in Debug\stm8_interrupt_vector.o
